stm32l4xx_hal_rcc.c:265:19:HAL_RCC_DeInit	16	static
stm32l4xx_hal_rcc.c:403:19:HAL_RCC_OscConfig	40	static
stm32l4xx_hal_rcc.c:1132:19:HAL_RCC_ClockConfig	24	static
stm32l4xx_hal_rcc.c:1377:6:HAL_RCC_MCOConfig	48	static
stm32l4xx_hal_rcc.c:1436:10:HAL_RCC_GetSysClockFreq	40	static
stm32l4xx_hal_rcc.c:1524:10:HAL_RCC_GetHCLKFreq	4	static
stm32l4xx_hal_rcc.c:1535:10:HAL_RCC_GetPCLK1Freq	8	static
stm32l4xx_hal_rcc.c:1547:10:HAL_RCC_GetPCLK2Freq	8	static
stm32l4xx_hal_rcc.c:1560:6:HAL_RCC_GetOscConfig	16	static
stm32l4xx_hal_rcc.c:1719:6:HAL_RCC_GetClockConfig	16	static
stm32l4xx_hal_rcc.c:1754:6:HAL_RCC_EnableCSS	4	static
stm32l4xx_hal_rcc.c:1764:6:HAL_RCC_NMI_IRQHandler	8	static
stm32l4xx_hal_rcc.c:1781:13:HAL_RCC_CSSCallback	4	static
stm32l4xx_hal_rcc.c:1795:10:HAL_RCC_GetResetSource	16	static
stm32l4xx_hal_rcc.c:1825:26:RCC_SetFlashLatencyFromMSIRange	32	static
stm32l4xx_hal_rcc.c:1918:17:RCC_GetSysClockFreqFromPLLSource	32	static
