stm32l4xx_hal_irda.c:2488:26:IRDA_WaitOnFlagUntilTimeout.constprop	24	static
stm32l4xx_hal_irda.c:445:13:HAL_IRDA_MspInit	0	static
stm32l4xx_hal_irda.c:337:19:HAL_IRDA_Init	24	static
stm32l4xx_hal_irda.c:461:13:HAL_IRDA_MspDeInit	0	static
stm32l4xx_hal_irda.c:402:19:HAL_IRDA_DeInit	8	static
stm32l4xx_hal_irda.c:813:19:HAL_IRDA_Transmit	40	static
stm32l4xx_hal_irda.c:902:19:HAL_IRDA_Receive	40	static
stm32l4xx_hal_irda.c:992:19:HAL_IRDA_Transmit_IT	8	static
stm32l4xx_hal_irda.c:1041:19:HAL_IRDA_Receive_IT	0	static
stm32l4xx_hal_irda.c:1114:19:HAL_IRDA_Transmit_DMA	24	static
stm32l4xx_hal_irda.c:1194:19:HAL_IRDA_Receive_DMA	24	static
stm32l4xx_hal_irda.c:1273:19:HAL_IRDA_DMAPause	0	static
stm32l4xx_hal_irda.c:1311:19:HAL_IRDA_DMAResume	0	static
stm32l4xx_hal_irda.c:1349:19:HAL_IRDA_DMAStop	8	static
stm32l4xx_hal_irda.c:1426:19:HAL_IRDA_Abort	16	static
stm32l4xx_hal_irda.c:1517:19:HAL_IRDA_AbortTransmit	8	static
stm32l4xx_hal_irda.c:1573:19:HAL_IRDA_AbortReceive	8	static
stm32l4xx_hal_irda.c:2114:13:HAL_IRDA_TxCpltCallback	0	static
stm32l4xx_hal_irda.c:2568:13:IRDA_DMATransmitCplt	8	static
stm32l4xx_hal_irda.c:2130:13:HAL_IRDA_TxHalfCpltCallback	0	static
stm32l4xx_hal_irda.c:2604:13:IRDA_DMATransmitHalfCplt	8	static
stm32l4xx_hal_irda.c:2146:13:HAL_IRDA_RxCpltCallback	0	static
stm32l4xx_hal_irda.c:2623:13:IRDA_DMAReceiveCplt	8	static
stm32l4xx_hal_irda.c:2962:13:IRDA_Receive_IT	8	static
stm32l4xx_hal_irda.c:2162:13:HAL_IRDA_RxHalfCpltCallback	0	static
stm32l4xx_hal_irda.c:2659:13:IRDA_DMAReceiveHalfCplt	8	static
stm32l4xx_hal_irda.c:2178:13:HAL_IRDA_ErrorCallback	0	static
stm32l4xx_hal_irda.c:2678:13:IRDA_DMAError	8	static
stm32l4xx_hal_irda.c:1934:6:HAL_IRDA_IRQHandler	16	static
stm32l4xx_hal_irda.c:2718:13:IRDA_DMAAbortOnError	8	static
stm32l4xx_hal_irda.c:2194:13:HAL_IRDA_AbortCpltCallback	0	static
stm32l4xx_hal_irda.c:1635:19:HAL_IRDA_Abort_IT	16	static
stm32l4xx_hal_irda.c:2789:13:IRDA_DMARxAbortCallback	16	static
stm32l4xx_hal_irda.c:2741:13:IRDA_DMATxAbortCallback	16	static
stm32l4xx_hal_irda.c:2210:13:HAL_IRDA_AbortTransmitCpltCallback	0	static
stm32l4xx_hal_irda.c:1772:19:HAL_IRDA_AbortTransmit_IT	8	static
stm32l4xx_hal_irda.c:2837:13:IRDA_DMATxOnlyAbortCallback	8	static
stm32l4xx_hal_irda.c:2226:13:HAL_IRDA_AbortReceiveCpltCallback	0	static
stm32l4xx_hal_irda.c:1854:19:HAL_IRDA_AbortReceive_IT	16	static
stm32l4xx_hal_irda.c:2864:13:IRDA_DMARxOnlyAbortCallback	8	static
stm32l4xx_hal_irda.c:2265:23:HAL_IRDA_GetState	0	static
stm32l4xx_hal_irda.c:2282:10:HAL_IRDA_GetError	0	static
