stm32l4xx_hal_adc.c:896:13:HAL_ADC_MspInit	0	static
stm32l4xx_hal_adc.c:392:19:HAL_ADC_Init	32	static
stm32l4xx_hal_adc.c:913:13:HAL_ADC_MspDeInit	0	static
stm32l4xx_hal_adc.c:1392:19:HAL_ADC_PollForConversion	24	static
stm32l4xx_hal_adc.c:1575:19:HAL_ADC_PollForEvent	24	static
stm32l4xx_hal_adc.c:2211:10:HAL_ADC_GetValue	0	static
stm32l4xx_hal_adc.c:2600:13:HAL_ADC_ConvCpltCallback	0	static
stm32l4xx_hal_adc.c:2615:13:HAL_ADC_ConvHalfCpltCallback	0	static
stm32l4xx_hal_adc.c:3617:6:ADC_DMAHalfConvCplt	8	static
stm32l4xx_hal_adc.c:2630:13:HAL_ADC_LevelOutOfWindowCallback	0	static
stm32l4xx_hal_adc.c:2652:13:HAL_ADC_ErrorCallback	0	static
stm32l4xx_hal_adc.c:2228:6:HAL_ADC_IRQHandler	16	static
stm32l4xx_hal_adc.c:3539:6:ADC_DMAConvCplt	8	static
stm32l4xx_hal_adc.c:3635:6:ADC_DMAError	8	static
stm32l4xx_hal_adc.c:2698:19:HAL_ADC_ConfigChannel	32	static
stm32l4xx_hal_adc.c:2955:19:HAL_ADC_AnalogWDGConfig	20	static
stm32l4xx_hal_adc.c:3209:10:HAL_ADC_GetState	0	static
stm32l4xx_hal_adc.c:3223:10:HAL_ADC_GetError	0	static
stm32l4xx_hal_adc.c:3253:19:ADC_ConversionStop	16	static
stm32l4xx_hal_adc.c:3385:19:ADC_Enable	24	static
stm32l4xx_hal_adc.c:1203:19:HAL_ADC_Start	16	static
stm32l4xx_hal_adc.c:1724:19:HAL_ADC_Start_IT	16	static
stm32l4xx_hal_adc.c:1984:19:HAL_ADC_Start_DMA	24	static
stm32l4xx_hal_adc.c:3477:19:ADC_Disable	16	static
stm32l4xx_hal_adc.c:697:19:HAL_ADC_DeInit	24	static
stm32l4xx_hal_adc.c:1338:19:HAL_ADC_Stop	8	static
stm32l4xx_hal_adc.c:1931:19:HAL_ADC_Stop_IT	8	static
stm32l4xx_hal_adc.c:2126:19:HAL_ADC_Stop_DMA	16	static
