stm32l4xx_hal_i2c.c:528:19:HAL_I2C_Init	16	static
stm32l4xx_hal_i2c.c:638:19:HAL_I2C_DeInit	16	static
stm32l4xx_hal_i2c.c:684:13:HAL_I2C_MspInit	16	static
stm32l4xx_hal_i2c.c:700:13:HAL_I2C_MspDeInit	16	static
stm32l4xx_hal_i2c.c:1121:19:HAL_I2C_Master_Transmit	40	static
stm32l4xx_hal_i2c.c:1240:19:HAL_I2C_Master_Receive	40	static
stm32l4xx_hal_i2c.c:1358:19:HAL_I2C_Slave_Transmit	40	static
stm32l4xx_hal_i2c.c:1501:19:HAL_I2C_Slave_Receive	40	static
stm32l4xx_hal_i2c.c:1632:19:HAL_I2C_Master_Transmit_IT	40	static
stm32l4xx_hal_i2c.c:1706:19:HAL_I2C_Master_Receive_IT	40	static
stm32l4xx_hal_i2c.c:1775:19:HAL_I2C_Slave_Transmit_IT	24	static
stm32l4xx_hal_i2c.c:1825:19:HAL_I2C_Slave_Receive_IT	24	static
stm32l4xx_hal_i2c.c:1877:19:HAL_I2C_Master_Transmit_DMA	40	static
stm32l4xx_hal_i2c.c:2024:19:HAL_I2C_Master_Receive_DMA	40	static
stm32l4xx_hal_i2c.c:2169:19:HAL_I2C_Slave_Transmit_DMA	32	static
stm32l4xx_hal_i2c.c:2273:19:HAL_I2C_Slave_Receive_DMA	32	static
stm32l4xx_hal_i2c.c:2381:19:HAL_I2C_Mem_Write	40	static
stm32l4xx_hal_i2c.c:2518:19:HAL_I2C_Mem_Read	40	static
stm32l4xx_hal_i2c.c:2655:19:HAL_I2C_Mem_Write_IT	32	static
stm32l4xx_hal_i2c.c:2742:19:HAL_I2C_Mem_Read_IT	32	static
stm32l4xx_hal_i2c.c:2828:19:HAL_I2C_Mem_Write_DMA	40	static
stm32l4xx_hal_i2c.c:2974:19:HAL_I2C_Mem_Read_DMA	40	static
stm32l4xx_hal_i2c.c:3119:19:HAL_I2C_IsDeviceReady	48	static
stm32l4xx_hal_i2c.c:3261:19:HAL_I2C_Master_Seq_Transmit_IT	40	static
stm32l4xx_hal_i2c.c:3352:19:HAL_I2C_Master_Seq_Transmit_DMA	48	static
stm32l4xx_hal_i2c.c:3520:19:HAL_I2C_Master_Seq_Receive_IT	40	static
stm32l4xx_hal_i2c.c:3607:19:HAL_I2C_Master_Seq_Receive_DMA	48	static
stm32l4xx_hal_i2c.c:3773:19:HAL_I2C_Slave_Seq_Transmit_IT	24	static
stm32l4xx_hal_i2c.c:3869:19:HAL_I2C_Slave_Seq_Transmit_DMA	32	static
stm32l4xx_hal_i2c.c:4050:19:HAL_I2C_Slave_Seq_Receive_IT	24	static
stm32l4xx_hal_i2c.c:4146:19:HAL_I2C_Slave_Seq_Receive_DMA	32	static
stm32l4xx_hal_i2c.c:4323:19:HAL_I2C_EnableListen_IT	16	static
stm32l4xx_hal_i2c.c:4347:19:HAL_I2C_DisableListen_IT	24	static
stm32l4xx_hal_i2c.c:4380:19:HAL_I2C_Master_Abort_IT	24	static
stm32l4xx_hal_i2c.c:4442:6:HAL_I2C_EV_IRQHandler	24	static
stm32l4xx_hal_i2c.c:4461:6:HAL_I2C_ER_IRQHandler	32	static
stm32l4xx_hal_i2c.c:4512:6:I2C1_EV_IRQHandler	8	static
stm32l4xx_hal_i2c.c:4528:6:I2C1_ER_IRQHandler	8	static
stm32l4xx_hal_i2c.c:4548:13:HAL_I2C_MasterTxCpltCallback	16	static
stm32l4xx_hal_i2c.c:4564:13:HAL_I2C_MasterRxCpltCallback	16	static
stm32l4xx_hal_i2c.c:4579:13:HAL_I2C_SlaveTxCpltCallback	16	static
stm32l4xx_hal_i2c.c:4595:13:HAL_I2C_SlaveRxCpltCallback	16	static
stm32l4xx_hal_i2c.c:4613:13:HAL_I2C_AddrCallback	16	static
stm32l4xx_hal_i2c.c:4631:13:HAL_I2C_ListenCpltCallback	16	static
stm32l4xx_hal_i2c.c:4647:13:HAL_I2C_MemTxCpltCallback	16	static
stm32l4xx_hal_i2c.c:4663:13:HAL_I2C_MemRxCpltCallback	16	static
stm32l4xx_hal_i2c.c:4679:13:HAL_I2C_ErrorCallback	16	static
stm32l4xx_hal_i2c.c:4695:13:HAL_I2C_AbortCpltCallback	16	static
stm32l4xx_hal_i2c.c:4730:22:HAL_I2C_GetState	16	static
stm32l4xx_hal_i2c.c:4742:21:HAL_I2C_GetMode	16	static
stm32l4xx_hal_i2c.c:4753:10:HAL_I2C_GetError	16	static
stm32l4xx_hal_i2c.c:4778:26:I2C_Master_ISR_IT	40	static
stm32l4xx_hal_i2c.c:4924:26:I2C_Mem_ISR_IT	40	static
stm32l4xx_hal_i2c.c:5061:26:I2C_Slave_ISR_IT	32	static
stm32l4xx_hal_i2c.c:5202:26:I2C_Master_ISR_DMA	40	static
stm32l4xx_hal_i2c.c:5342:26:I2C_Mem_ISR_DMA	40	static
stm32l4xx_hal_i2c.c:5481:26:I2C_Slave_ISR_DMA	40	static
stm32l4xx_hal_i2c.c:5626:26:I2C_RequestMemoryWrite	32	static
stm32l4xx_hal_i2c.c:5681:26:I2C_RequestMemoryRead	32	static
stm32l4xx_hal_i2c.c:5730:13:I2C_ITAddrCplt	24	static
stm32l4xx_hal_i2c.c:5825:13:I2C_ITMasterSeqCplt	16	static
stm32l4xx_hal_i2c.c:5878:13:I2C_ITSlaveSeqCplt	24	static
stm32l4xx_hal_i2c.c:5952:13:I2C_ITMasterCplt	32	static
stm32l4xx_hal_i2c.c:6095:13:I2C_ITSlaveCplt	32	static
stm32l4xx_hal_i2c.c:6254:13:I2C_ITListenCplt	16	static
stm32l4xx_hal_i2c.c:6305:13:I2C_ITError	24	static
stm32l4xx_hal_i2c.c:6417:13:I2C_TreatErrorCallback	16	static
stm32l4xx_hal_i2c.c:6455:13:I2C_Flush_TXDR	16	static
stm32l4xx_hal_i2c.c:6476:13:I2C_DMAMasterTransmitCplt	24	static
stm32l4xx_hal_i2c.c:6526:13:I2C_DMASlaveTransmitCplt	24	static
stm32l4xx_hal_i2c.c:6554:13:I2C_DMAMasterReceiveCplt	24	static
stm32l4xx_hal_i2c.c:6604:13:I2C_DMASlaveReceiveCplt	24	static
stm32l4xx_hal_i2c.c:6632:13:I2C_DMAError	24	static
stm32l4xx_hal_i2c.c:6650:13:I2C_DMAAbort	24	static
stm32l4xx_hal_i2c.c:6679:26:I2C_WaitOnFlagUntilTimeout	24	static
stm32l4xx_hal_i2c.c:6710:26:I2C_WaitOnTXISFlagUntilTimeout	24	static
stm32l4xx_hal_i2c.c:6748:26:I2C_WaitOnSTOPFlagUntilTimeout	24	static
stm32l4xx_hal_i2c.c:6783:26:I2C_WaitOnRXNEFlagUntilTimeout	24	static
stm32l4xx_hal_i2c.c:6856:26:I2C_IsErrorOccurred	48	static
stm32l4xx_hal_i2c.c:7000:13:I2C_TransferConfig	32	static
stm32l4xx_hal_i2c.c:7027:13:I2C_Enable_IRQ	24	static
stm32l4xx_hal_i2c.c:7104:13:I2C_Disable_IRQ	24	static
stm32l4xx_hal_i2c.c:7167:13:I2C_ConvertOtherXferOptions	16	static
