stm32l4xx_hal_smartcard.c:2814:13:SMARTCARD_DMATransmitCplt	0	static
stm32l4xx_hal_smartcard.c:3086:13:SMARTCARD_TxISR	0	static
stm32l4xx_hal_smartcard.c:3122:13:SMARTCARD_TxISR_FIFOEN	16	static
stm32l4xx_hal_smartcard.c:2733:26:SMARTCARD_WaitOnFlagUntilTimeout.constprop	24	static
stm32l4xx_hal_smartcard.c:455:13:HAL_SMARTCARD_MspInit	0	static
stm32l4xx_hal_smartcard.c:332:19:HAL_SMARTCARD_Init	24	static
stm32l4xx_hal_smartcard.c:471:13:HAL_SMARTCARD_MspDeInit	0	static
stm32l4xx_hal_smartcard.c:405:19:HAL_SMARTCARD_DeInit	16	static
stm32l4xx_hal_smartcard.c:830:19:HAL_SMARTCARD_Transmit	32	static
stm32l4xx_hal_smartcard.c:936:19:HAL_SMARTCARD_Receive	32	static
stm32l4xx_hal_smartcard.c:1004:19:HAL_SMARTCARD_Transmit_IT	12	static
stm32l4xx_hal_smartcard.c:1112:19:HAL_SMARTCARD_Receive_IT	8	static
stm32l4xx_hal_smartcard.c:1187:19:HAL_SMARTCARD_Transmit_DMA	24	static
stm32l4xx_hal_smartcard.c:1285:19:HAL_SMARTCARD_Receive_DMA	24	static
stm32l4xx_hal_smartcard.c:1365:19:HAL_SMARTCARD_Abort	16	static
stm32l4xx_hal_smartcard.c:1464:19:HAL_SMARTCARD_AbortTransmit	8	static
stm32l4xx_hal_smartcard.c:1532:19:HAL_SMARTCARD_AbortReceive	8	static
stm32l4xx_hal_smartcard.c:2270:13:HAL_SMARTCARD_TxCpltCallback	0	static
stm32l4xx_hal_smartcard.c:2286:13:HAL_SMARTCARD_RxCpltCallback	0	static
stm32l4xx_hal_smartcard.c:3213:13:SMARTCARD_RxISR	16	static
stm32l4xx_hal_smartcard.c:3271:13:SMARTCARD_RxISR_FIFOEN	24	static
stm32l4xx_hal_smartcard.c:2833:13:SMARTCARD_DMAReceiveCplt	8	static
stm32l4xx_hal_smartcard.c:2302:13:HAL_SMARTCARD_ErrorCallback	0	static
stm32l4xx_hal_smartcard.c:2864:13:SMARTCARD_DMAError	8	static
stm32l4xx_hal_smartcard.c:1956:6:HAL_SMARTCARD_IRQHandler	16	static
stm32l4xx_hal_smartcard.c:2904:13:SMARTCARD_DMAAbortOnError	8	static
stm32l4xx_hal_smartcard.c:2318:13:HAL_SMARTCARD_AbortCpltCallback	0	static
stm32l4xx_hal_smartcard.c:1606:19:HAL_SMARTCARD_Abort_IT	16	static
stm32l4xx_hal_smartcard.c:2976:13:SMARTCARD_DMARxAbortCallback	16	static
stm32l4xx_hal_smartcard.c:2927:13:SMARTCARD_DMATxAbortCallback	16	static
stm32l4xx_hal_smartcard.c:2334:13:HAL_SMARTCARD_AbortTransmitCpltCallback	0	static
stm32l4xx_hal_smartcard.c:1756:19:HAL_SMARTCARD_AbortTransmit_IT	16	static
stm32l4xx_hal_smartcard.c:3025:13:SMARTCARD_DMATxOnlyAbortCallback	8	static
stm32l4xx_hal_smartcard.c:2350:13:HAL_SMARTCARD_AbortReceiveCpltCallback	0	static
stm32l4xx_hal_smartcard.c:1856:19:HAL_SMARTCARD_AbortReceive_IT	16	static
stm32l4xx_hal_smartcard.c:3054:13:SMARTCARD_DMARxOnlyAbortCallback	8	static
stm32l4xx_hal_smartcard.c:2389:28:HAL_SMARTCARD_GetState	0	static
stm32l4xx_hal_smartcard.c:2406:10:HAL_SMARTCARD_GetError	0	static
