stm32l4xx_hal_usart_ex.c:510:13:USARTEx_SetNbDataToProcess.part.0	8	static
stm32l4xx_hal_usart_ex.c:114:13:HAL_USARTEx_RxFifoFullCallback	0	static
stm32l4xx_hal_usart_ex.c:129:13:HAL_USARTEx_TxFifoEmptyCallback	0	static
stm32l4xx_hal_usart_ex.c:181:19:HAL_USARTEx_EnableSlaveMode	4	static
stm32l4xx_hal_usart_ex.c:229:19:HAL_USARTEx_DisableSlaveMode	8	static
stm32l4xx_hal_usart_ex.c:277:19:HAL_USARTEx_ConfigNSS	12	static
stm32l4xx_hal_usart_ex.c:317:19:HAL_USARTEx_EnableFifoMode	16	static
stm32l4xx_hal_usart_ex.c:358:19:HAL_USARTEx_DisableFifoMode	8	static
stm32l4xx_hal_usart_ex.c:404:19:HAL_USARTEx_SetTxFifoThreshold	24	static
stm32l4xx_hal_usart_ex.c:453:19:HAL_USARTEx_SetRxFifoThreshold	24	static
