stm32l4xx_hal_rcc.c:1825:26:RCC_SetFlashLatencyFromMSIRange	24	static
stm32l4xx_hal_rcc.c:265:19:HAL_RCC_DeInit	24	static
stm32l4xx_hal_rcc.c:1377:6:HAL_RCC_MCOConfig	48	static
stm32l4xx_hal_rcc.c:1436:10:HAL_RCC_GetSysClockFreq	0	static
stm32l4xx_hal_rcc.c:403:19:HAL_RCC_OscConfig	32	static
stm32l4xx_hal_rcc.c:1132:19:HAL_RCC_ClockConfig	24	static
stm32l4xx_hal_rcc.c:1524:10:HAL_RCC_GetHCLKFreq	0	static
stm32l4xx_hal_rcc.c:1535:10:HAL_RCC_GetPCLK1Freq	0	static
stm32l4xx_hal_rcc.c:1547:10:HAL_RCC_GetPCLK2Freq	0	static
stm32l4xx_hal_rcc.c:1560:6:HAL_RCC_GetOscConfig	0	static
stm32l4xx_hal_rcc.c:1719:6:HAL_RCC_GetClockConfig	4	static
stm32l4xx_hal_rcc.c:1754:6:HAL_RCC_EnableCSS	0	static
stm32l4xx_hal_rcc.c:1781:13:HAL_RCC_CSSCallback	0	static
stm32l4xx_hal_rcc.c:1764:6:HAL_RCC_NMI_IRQHandler	8	static
stm32l4xx_hal_rcc.c:1795:10:HAL_RCC_GetResetSource	0	static
