stm32l4xx_hal_usart.c:3219:13:USART_TxISR_16BIT	0	static
stm32l4xx_hal_usart.c:3301:13:USART_TxISR_16BIT_FIFOEN	4	static
stm32l4xx_hal_usart.c:2976:26:USART_WaitOnFlagUntilTimeout.constprop	24	static
stm32l4xx_hal_usart.c:3184:13:USART_TxISR_8BIT	0	static
stm32l4xx_hal_usart.c:3256:13:USART_TxISR_8BIT_FIFOEN	4	static
stm32l4xx_hal_usart.c:392:13:HAL_USART_MspInit	0	static
stm32l4xx_hal_usart.c:287:19:HAL_USART_Init	24	static
stm32l4xx_hal_usart.c:407:13:HAL_USART_MspDeInit	0	static
stm32l4xx_hal_usart.c:349:19:HAL_USART_DeInit	16	static
stm32l4xx_hal_usart.c:766:19:HAL_USART_Transmit	32	static
stm32l4xx_hal_usart.c:864:19:HAL_USART_Receive	48	static
stm32l4xx_hal_usart.c:980:19:HAL_USART_TransmitReceive	40	static
stm32l4xx_hal_usart.c:1131:19:HAL_USART_Transmit_IT	12	static
stm32l4xx_hal_usart.c:1216:19:HAL_USART_Receive_IT	12	static
stm32l4xx_hal_usart.c:1349:19:HAL_USART_TransmitReceive_IT	12	static
stm32l4xx_hal_usart.c:1474:19:HAL_USART_Transmit_DMA	24	static
stm32l4xx_hal_usart.c:1559:19:HAL_USART_Receive_DMA	24	static
stm32l4xx_hal_usart.c:1681:19:HAL_USART_TransmitReceive_DMA	24	static
stm32l4xx_hal_usart.c:1801:19:HAL_USART_DMAPause	4	static
stm32l4xx_hal_usart.c:1848:19:HAL_USART_DMAResume	0	static
stm32l4xx_hal_usart.c:1895:19:HAL_USART_DMAStop	8	static
stm32l4xx_hal_usart.c:1955:19:HAL_USART_Abort	16	static
stm32l4xx_hal_usart.c:2474:13:HAL_USART_TxCpltCallback	0	static
stm32l4xx_hal_usart.c:2679:13:USART_DMATransmitCplt	8	static
stm32l4xx_hal_usart.c:2489:13:HAL_USART_TxHalfCpltCallback	0	static
stm32l4xx_hal_usart.c:2719:13:USART_DMATxHalfCplt	8	static
stm32l4xx_hal_usart.c:2504:13:HAL_USART_RxCpltCallback	0	static
stm32l4xx_hal_usart.c:2519:13:HAL_USART_RxHalfCpltCallback	0	static
stm32l4xx_hal_usart.c:2812:13:USART_DMARxHalfCplt	8	static
stm32l4xx_hal_usart.c:2534:13:HAL_USART_TxRxCpltCallback	0	static
stm32l4xx_hal_usart.c:3402:13:USART_RxISR_8BIT	16	static
stm32l4xx_hal_usart.c:3514:13:USART_RxISR_16BIT	16	static
stm32l4xx_hal_usart.c:3629:13:USART_RxISR_8BIT_FIFOEN	24	static
stm32l4xx_hal_usart.c:3773:13:USART_RxISR_16BIT_FIFOEN	24	static
stm32l4xx_hal_usart.c:2737:13:USART_DMAReceiveCplt	8	static
stm32l4xx_hal_usart.c:2549:13:HAL_USART_ErrorCallback	0	static
stm32l4xx_hal_usart.c:2830:13:USART_DMAError	8	static
stm32l4xx_hal_usart.c:2199:6:HAL_USART_IRQHandler	16	static
stm32l4xx_hal_usart.c:2856:13:USART_DMAAbortOnError	8	static
stm32l4xx_hal_usart.c:2564:13:HAL_USART_AbortCpltCallback	0	static
stm32l4xx_hal_usart.c:2060:19:HAL_USART_Abort_IT	8	static
stm32l4xx_hal_usart.c:2927:13:USART_DMARxAbortCallback	16	static
stm32l4xx_hal_usart.c:2879:13:USART_DMATxAbortCallback	16	static
stm32l4xx_hal_usart.c:2601:24:HAL_USART_GetState	0	static
stm32l4xx_hal_usart.c:2612:10:HAL_USART_GetError	0	static
