stm32l4xx_hal_dcmi.c:391:13:HAL_DCMI_MspInit	0	static
stm32l4xx_hal_dcmi.c:237:19:HAL_DCMI_Init	32	static
stm32l4xx_hal_dcmi.c:407:13:HAL_DCMI_MspDeInit	0	static
stm32l4xx_hal_dcmi.c:467:19:HAL_DCMI_Start_DMA	112	static
stm32l4xx_hal_dcmi.c:643:19:HAL_DCMI_Suspend	16	static
stm32l4xx_hal_dcmi.c:693:19:HAL_DCMI_Resume	0	static
stm32l4xx_hal_dcmi.c:818:13:HAL_DCMI_ErrorCallback	0	static
stm32l4xx_hal_dcmi.c:1369:13:DCMI_DMAHalfXferCplt	16	static
stm32l4xx_hal_dcmi.c:1430:13:DCMI_DMAError	8	static
stm32l4xx_hal_dcmi.c:588:19:HAL_DCMI_Stop.part.0	16	static
stm32l4xx_hal_dcmi.c:588:19:HAL_DCMI_Stop	0	static
stm32l4xx_hal_dcmi.c:345:19:HAL_DCMI_DeInit	16	static
stm32l4xx_hal_dcmi.c:834:13:HAL_DCMI_LineEventCallback	0	static
stm32l4xx_hal_dcmi.c:850:13:HAL_DCMI_VsyncEventCallback	0	static
stm32l4xx_hal_dcmi.c:866:13:HAL_DCMI_FrameEventCallback	0	static
stm32l4xx_hal_dcmi.c:1253:13:DCMI_DMAXferCplt	24	static
stm32l4xx_hal_dcmi.c:719:6:HAL_DCMI_IRQHandler	16	static
stm32l4xx_hal_dcmi.c:910:19:HAL_DCMI_ConfigCrop	16	static
stm32l4xx_hal_dcmi.c:943:19:HAL_DCMI_DisableCrop	4	static
stm32l4xx_hal_dcmi.c:969:19:HAL_DCMI_EnableCrop	4	static
stm32l4xx_hal_dcmi.c:997:20:HAL_DCMI_ConfigSyncUnmask	0	static
stm32l4xx_hal_dcmi.c:1049:23:HAL_DCMI_GetState	0	static
stm32l4xx_hal_dcmi.c:1060:10:HAL_DCMI_GetError	0	static
