stm32l4xx_hal_mmc.c:4098:26:MMC_ReadExtCSD.constprop	56	static
stm32l4xx_hal_mmc.c:4506:17:MMC_PwrClassUpdate.part.0	32	static
stm32l4xx_hal_mmc.c:4395:17:MMC_DDR_Mode	24	static
stm32l4xx_hal_mmc.c:4291:17:MMC_HighSpeed	64	static
stm32l4xx_hal_mmc.c:587:13:HAL_MMC_MspInit	0	static
stm32l4xx_hal_mmc.c:602:13:HAL_MMC_MspDeInit	0	static
stm32l4xx_hal_mmc.c:546:19:HAL_MMC_DeInit	8	static
stm32l4xx_hal_mmc.c:643:19:HAL_MMC_ReadBlocks	56	static
stm32l4xx_hal_mmc.c:863:19:HAL_MMC_WriteBlocks	64	static
stm32l4xx_hal_mmc.c:1061:19:HAL_MMC_ReadBlocks_IT	56	static
stm32l4xx_hal_mmc.c:1160:19:HAL_MMC_WriteBlocks_IT	56	static
stm32l4xx_hal_mmc.c:1268:19:HAL_MMC_ReadBlocks_DMA	56	static
stm32l4xx_hal_mmc.c:1404:19:HAL_MMC_WriteBlocks_DMA	56	static
stm32l4xx_hal_mmc.c:1542:19:HAL_MMC_Erase	24	static
stm32l4xx_hal_mmc.c:1954:22:HAL_MMC_GetState	0	static
stm32l4xx_hal_mmc.c:1965:10:HAL_MMC_GetError	0	static
stm32l4xx_hal_mmc.c:1975:13:HAL_MMC_TxCpltCallback	0	static
stm32l4xx_hal_mmc.c:1990:13:HAL_MMC_RxCpltCallback	0	static
stm32l4xx_hal_mmc.c:2005:13:HAL_MMC_ErrorCallback	0	static
stm32l4xx_hal_mmc.c:1639:6:HAL_MMC_IRQHandler	32	static
stm32l4xx_hal_mmc.c:2020:13:HAL_MMC_AbortCallback	0	static
stm32l4xx_hal_mmc.c:2267:19:HAL_MMC_GetCardCID	12	static
stm32l4xx_hal_mmc.c:2300:19:HAL_MMC_GetCardCSD	32	static
stm32l4xx_hal_mmc.c:2418:19:HAL_MMC_GetCardInfo	16	static
stm32l4xx_hal_mmc.c:2440:19:HAL_MMC_GetCardExtCSD	56	static
stm32l4xx_hal_mmc.c:454:19:HAL_MMC_InitCard	136	static
stm32l4xx_hal_mmc.c:2569:19:HAL_MMC_ConfigWideBusOperation	64	static
stm32l4xx_hal_mmc.c:369:19:HAL_MMC_Init	8	static
stm32l4xx_hal_mmc.c:2852:26:HAL_MMC_GetCardState	8	static
stm32l4xx_hal_mmc.c:2695:19:HAL_MMC_ConfigSpeedBusOperation	16	static
stm32l4xx_hal_mmc.c:2875:19:HAL_MMC_Abort	16	static
stm32l4xx_hal_mmc.c:2937:19:HAL_MMC_Abort_IT	16	static
stm32l4xx_hal_mmc.c:3027:19:HAL_MMC_EraseSequence	32	static
stm32l4xx_hal_mmc.c:3146:19:HAL_MMC_Sanitize	16	static
stm32l4xx_hal_mmc.c:3253:19:HAL_MMC_ConfigSecRemovalType	16	static
stm32l4xx_hal_mmc.c:3354:19:HAL_MMC_GetSupportedSecRemovalType	8	static
stm32l4xx_hal_mmc.c:3381:19:HAL_MMC_SleepDevice	16	static
stm32l4xx_hal_mmc.c:3563:19:HAL_MMC_AwakeDevice	24	static
