stm32l4xx_hal_smartcard_ex.c:461:13:SMARTCARDEx_SetNbDataToProcess.part.0	8	static
stm32l4xx_hal_smartcard_ex.c:106:6:HAL_SMARTCARDEx_BlockLength_Config	0	static
stm32l4xx_hal_smartcard_ex.c:118:6:HAL_SMARTCARDEx_TimeOut_Config	0	static
stm32l4xx_hal_smartcard_ex.c:129:19:HAL_SMARTCARDEx_EnableReceiverTimeOut	4	static
stm32l4xx_hal_smartcard_ex.c:159:19:HAL_SMARTCARDEx_DisableReceiverTimeOut	4	static
stm32l4xx_hal_smartcard_ex.c:213:13:HAL_SMARTCARDEx_RxFifoFullCallback	0	static
stm32l4xx_hal_smartcard_ex.c:229:13:HAL_SMARTCARDEx_TxFifoEmptyCallback	0	static
stm32l4xx_hal_smartcard_ex.c:268:19:HAL_SMARTCARDEx_EnableFifoMode	16	static
stm32l4xx_hal_smartcard_ex.c:309:19:HAL_SMARTCARDEx_DisableFifoMode	8	static
stm32l4xx_hal_smartcard_ex.c:355:19:HAL_SMARTCARDEx_SetTxFifoThreshold	24	static
stm32l4xx_hal_smartcard_ex.c:404:19:HAL_SMARTCARDEx_SetRxFifoThreshold	24	static
