stm32l4xx_hal_mmc.c:369:19:HAL_MMC_Init	16	static
stm32l4xx_hal_mmc.c:454:19:HAL_MMC_InitCard	72	static
stm32l4xx_hal_mmc.c:546:19:HAL_MMC_DeInit	16	static
stm32l4xx_hal_mmc.c:587:13:HAL_MMC_MspInit	16	static
stm32l4xx_hal_mmc.c:602:13:HAL_MMC_MspDeInit	16	static
stm32l4xx_hal_mmc.c:643:19:HAL_MMC_ReadBlocks	80	static
stm32l4xx_hal_mmc.c:863:19:HAL_MMC_WriteBlocks	80	static
stm32l4xx_hal_mmc.c:1061:19:HAL_MMC_ReadBlocks_IT	56	static
stm32l4xx_hal_mmc.c:1160:19:HAL_MMC_WriteBlocks_IT	56	static
stm32l4xx_hal_mmc.c:1268:19:HAL_MMC_ReadBlocks_DMA	56	static
stm32l4xx_hal_mmc.c:1404:19:HAL_MMC_WriteBlocks_DMA	56	static
stm32l4xx_hal_mmc.c:1542:19:HAL_MMC_Erase	40	static
stm32l4xx_hal_mmc.c:1639:6:HAL_MMC_IRQHandler	24	static
stm32l4xx_hal_mmc.c:1954:22:HAL_MMC_GetState	16	static
stm32l4xx_hal_mmc.c:1965:10:HAL_MMC_GetError	16	static
stm32l4xx_hal_mmc.c:1975:13:HAL_MMC_TxCpltCallback	16	static
stm32l4xx_hal_mmc.c:1990:13:HAL_MMC_RxCpltCallback	16	static
stm32l4xx_hal_mmc.c:2005:13:HAL_MMC_ErrorCallback	16	static
stm32l4xx_hal_mmc.c:2020:13:HAL_MMC_AbortCallback	16	static
stm32l4xx_hal_mmc.c:2267:19:HAL_MMC_GetCardCID	16	static
stm32l4xx_hal_mmc.c:2300:19:HAL_MMC_GetCardCSD	24	static
stm32l4xx_hal_mmc.c:2418:19:HAL_MMC_GetCardInfo	16	static
stm32l4xx_hal_mmc.c:2440:19:HAL_MMC_GetCardExtCSD	64	static
stm32l4xx_hal_mmc.c:2569:19:HAL_MMC_ConfigWideBusOperation	80	static
stm32l4xx_hal_mmc.c:2695:19:HAL_MMC_ConfigSpeedBusOperation	32	static
stm32l4xx_hal_mmc.c:2852:26:HAL_MMC_GetCardState	32	static
stm32l4xx_hal_mmc.c:2875:19:HAL_MMC_Abort	24	static
stm32l4xx_hal_mmc.c:2937:19:HAL_MMC_Abort_IT	24	static
stm32l4xx_hal_mmc.c:3027:19:HAL_MMC_EraseSequence	40	static
stm32l4xx_hal_mmc.c:3146:19:HAL_MMC_Sanitize	32	static
stm32l4xx_hal_mmc.c:3253:19:HAL_MMC_ConfigSecRemovalType	40	static
stm32l4xx_hal_mmc.c:3354:19:HAL_MMC_GetSupportedSecRemovalType	16	static
stm32l4xx_hal_mmc.c:3381:19:HAL_MMC_SleepDevice	40	static
stm32l4xx_hal_mmc.c:3563:19:HAL_MMC_AwakeDevice	48	static
stm32l4xx_hal_mmc.c:3896:17:MMC_InitCard	120	static
stm32l4xx_hal_mmc.c:4003:17:MMC_PowerON	32	static
stm32l4xx_hal_mmc.c:4055:13:MMC_PowerOFF	16	static
stm32l4xx_hal_mmc.c:4068:17:MMC_SendStatus	24	static
stm32l4xx_hal_mmc.c:4098:26:MMC_ReadExtCSD	72	static
stm32l4xx_hal_mmc.c:4212:13:MMC_Read_IT	32	static
stm32l4xx_hal_mmc.c:4251:13:MMC_Write_IT	32	static
stm32l4xx_hal_mmc.c:4291:17:MMC_HighSpeed	80	static
stm32l4xx_hal_mmc.c:4395:17:MMC_DDR_Mode	32	static
stm32l4xx_hal_mmc.c:4506:17:MMC_PwrClassUpdate	48	static
