Archive member included to satisfy reference by file (symbol)

c:/program files (x86)/atollic/truestudio for stm32 9.3.0/armtools/bin/../lib/gcc/arm-atollic-eabi/6.3.1/../../../../arm-atollic-eabi/lib/armv7e-m/fpu\libc_nano.a(lib_a-init.o)
                              src\startup_stm32l4r5xx.o (__libc_init_array)
c:/program files (x86)/atollic/truestudio for stm32 9.3.0/armtools/bin/../lib/gcc/arm-atollic-eabi/6.3.1/../../../../arm-atollic-eabi/lib/armv7e-m/fpu\libc_nano.a(lib_a-memcmp.o)
                              src\mng\wav.o (memcmp)
c:/program files (x86)/atollic/truestudio for stm32 9.3.0/armtools/bin/../lib/gcc/arm-atollic-eabi/6.3.1/../../../../arm-atollic-eabi/lib/armv7e-m/fpu\libc_nano.a(lib_a-memcpy-stub.o)
                              src\apl\sound_app.o (memcpy)
c:/program files (x86)/atollic/truestudio for stm32 9.3.0/armtools/bin/../lib/gcc/arm-atollic-eabi/6.3.1/../../../../arm-atollic-eabi/lib/armv7e-m/fpu\libc_nano.a(lib_a-memset.o)
                              Drivers\STM32L4xx_HAL_Driver\Src\stm32l4xx_hal_dcmi.o (memset)
c:/program files (x86)/atollic/truestudio for stm32 9.3.0/armtools/bin/../lib/gcc/arm-atollic-eabi/6.3.1/../../../../arm-atollic-eabi/lib/armv7e-m/fpu\libc_nano.a(lib_a-strcmp.o)
                              src\apl\console.o (strcmp)
c:/program files (x86)/atollic/truestudio for stm32 9.3.0/armtools/bin/../lib/gcc/arm-atollic-eabi/6.3.1/../../../../arm-atollic-eabi/lib/armv7e-m/fpu\libc_nano.a(lib_a-strcpy.o)
                              src\os\kozos.o (strcpy)
c:/program files (x86)/atollic/truestudio for stm32 9.3.0/armtools/bin/../lib/gcc/arm-atollic-eabi/6.3.1/../../../../arm-atollic-eabi/lib/armv7e-m/fpu\libc_nano.a(lib_a-strlen.o)
                              src\apl\console.o (strlen)
c:/program files (x86)/atollic/truestudio for stm32 9.3.0/armtools/bin/../lib/gcc/arm-atollic-eabi/6.3.1/armv7e-m/fpu\libgcc.a(_aeabi_uldivmod.o)
                              Drivers\STM32L4xx_HAL_Driver\Src\stm32l4xx_hal_uart.o (__aeabi_uldivmod)
c:/program files (x86)/atollic/truestudio for stm32 9.3.0/armtools/bin/../lib/gcc/arm-atollic-eabi/6.3.1/armv7e-m/fpu\libgcc.a(_udivmoddi4.o)
                              c:/program files (x86)/atollic/truestudio for stm32 9.3.0/armtools/bin/../lib/gcc/arm-atollic-eabi/6.3.1/armv7e-m/fpu\libgcc.a(_aeabi_uldivmod.o) (__udivmoddi4)
c:/program files (x86)/atollic/truestudio for stm32 9.3.0/armtools/bin/../lib/gcc/arm-atollic-eabi/6.3.1/armv7e-m/fpu\libgcc.a(_dvmd_tls.o)
                              c:/program files (x86)/atollic/truestudio for stm32 9.3.0/armtools/bin/../lib/gcc/arm-atollic-eabi/6.3.1/armv7e-m/fpu\libgcc.a(_aeabi_uldivmod.o) (__aeabi_ldiv0)
c:/program files (x86)/atollic/truestudio for stm32 9.3.0/armtools/bin/../lib/gcc/arm-atollic-eabi/6.3.1/../../../../arm-atollic-eabi/lib/armv7e-m/fpu\libnosys.a(write.o)
                              src\tiny_printf.o (_write)
c:/program files (x86)/atollic/truestudio for stm32 9.3.0/armtools/bin/../lib/gcc/arm-atollic-eabi/6.3.1/../../../../arm-atollic-eabi/lib/armv7e-m/fpu\libnosys.a(errno.o)
                              c:/program files (x86)/atollic/truestudio for stm32 9.3.0/armtools/bin/../lib/gcc/arm-atollic-eabi/6.3.1/../../../../arm-atollic-eabi/lib/armv7e-m/fpu\libnosys.a(write.o) (errno)

Allocating common symbols
Common symbol       size              file

errno               0x4               c:/program files (x86)/atollic/truestudio for stm32 9.3.0/armtools/bin/../lib/gcc/arm-atollic-eabi/6.3.1/../../../../arm-atollic-eabi/lib/armv7e-m/fpu\libnosys.a(errno.o)
uwTick              0x4               Drivers\STM32L4xx_HAL_Driver\Src\stm32l4xx_hal.o
TimHandle           0x4c              Drivers\STM32L4xx_HAL_Driver\Src\stm32l4xx_hal_timebase_tim_template.o

Discarded input sections

 .text          0x00000000        0x0 c:/program files (x86)/atollic/truestudio for stm32 9.3.0/armtools/bin/../lib/gcc/arm-atollic-eabi/6.3.1/armv7e-m/fpu/crti.o
 .data          0x00000000        0x0 c:/program files (x86)/atollic/truestudio for stm32 9.3.0/armtools/bin/../lib/gcc/arm-atollic-eabi/6.3.1/armv7e-m/fpu/crti.o
 .bss           0x00000000        0x0 c:/program files (x86)/atollic/truestudio for stm32 9.3.0/armtools/bin/../lib/gcc/arm-atollic-eabi/6.3.1/armv7e-m/fpu/crti.o
 .data          0x00000000        0x4 c:/program files (x86)/atollic/truestudio for stm32 9.3.0/armtools/bin/../lib/gcc/arm-atollic-eabi/6.3.1/armv7e-m/fpu/crtbegin.o
 .text          0x00000000        0x0 Drivers\STM32L4xx_HAL_Driver\Src\stm32l4xx_hal.o
 .data          0x00000000        0x0 Drivers\STM32L4xx_HAL_Driver\Src\stm32l4xx_hal.o
 .bss           0x00000000        0x0 Drivers\STM32L4xx_HAL_Driver\Src\stm32l4xx_hal.o
 .data.uwTickPrio
                0x00000000        0x4 Drivers\STM32L4xx_HAL_Driver\Src\stm32l4xx_hal.o
 .data.uwTickFreq
                0x00000000        0x1 Drivers\STM32L4xx_HAL_Driver\Src\stm32l4xx_hal.o
 .text.HAL_Init
[...]
Memory Configuration

Name             Origin             Length             Attributes
FLASH            0x08000000         0x00200000         xr
RAM1             0x20000000         0x00030000         xrw
RAM2             0x10000000         0x00010000         rw
RAM3             0x20040000         0x00060000         rw
MEMORY_B1        0x60000000         0x00000000         xr
*default*        0x00000000         0xffffffff

Linker script and memory map

LOAD c:/program files (x86)/atollic/truestudio for stm32 9.3.0/armtools/bin/../lib/gcc/arm-atollic-eabi/6.3.1/armv7e-m/fpu/crti.o
LOAD c:/program files (x86)/atollic/truestudio for stm32 9.3.0/armtools/bin/../lib/gcc/arm-atollic-eabi/6.3.1/armv7e-m/fpu/crtbegin.o
LOAD Drivers\STM32L4xx_HAL_Driver\Src\stm32l4xx_hal.o
LOAD Drivers\STM32L4xx_HAL_Driver\Src\stm32l4xx_hal_adc.o
LOAD Drivers\STM32L4xx_HAL_Driver\Src\stm32l4xx_hal_adc_ex.o
LOAD Drivers\STM32L4xx_HAL_Driver\Src\stm32l4xx_hal_can.o
LOAD Drivers\STM32L4xx_HAL_Driver\Src\stm32l4xx_hal_comp.o
LOAD Drivers\STM32L4xx_HAL_Driver\Src\stm32l4xx_hal_cortex.o
LOAD Drivers\STM32L4xx_HAL_Driver\Src\stm32l4xx_hal_crc.o
LOAD Drivers\STM32L4xx_HAL_Driver\Src\stm32l4xx_hal_crc_ex.o
LOAD Drivers\STM32L4xx_HAL_Driver\Src\stm32l4xx_hal_cryp.o
LOAD Drivers\STM32L4xx_HAL_Driver\Src\stm32l4xx_hal_cryp_ex.o
LOAD Drivers\STM32L4xx_HAL_Driver\Src\stm32l4xx_hal_dac.o
LOAD Drivers\STM32L4xx_HAL_Driver\Src\stm32l4xx_hal_dac_ex.o
LOAD Drivers\STM32L4xx_HAL_Driver\Src\stm32l4xx_hal_dcmi.o
LOAD Drivers\STM32L4xx_HAL_Driver\Src\stm32l4xx_hal_dfsdm.o
LOAD Drivers\STM32L4xx_HAL_Driver\Src\stm32l4xx_hal_dfsdm_ex.o
LOAD Drivers\STM32L4xx_HAL_Driver\Src\stm32l4xx_hal_dma.o
LOAD Drivers\STM32L4xx_HAL_Driver\Src\stm32l4xx_hal_dma2d.o
LOAD Drivers\STM32L4xx_HAL_Driver\Src\stm32l4xx_hal_dma_ex.o
LOAD Drivers\STM32L4xx_HAL_Driver\Src\stm32l4xx_hal_dsi.o
LOAD Drivers\STM32L4xx_HAL_Driver\Src\stm32l4xx_hal_exti.o
LOAD Drivers\STM32L4xx_HAL_Driver\Src\stm32l4xx_hal_firewall.o
LOAD Drivers\STM32L4xx_HAL_Driver\Src\stm32l4xx_hal_flash.o
LOAD Drivers\STM32L4xx_HAL_Driver\Src\stm32l4xx_hal_flash_ex.o
LOAD Drivers\STM32L4xx_HAL_Driver\Src\stm32l4xx_hal_flash_ramfunc.o
LOAD Drivers\STM32L4xx_HAL_Driver\Src\stm32l4xx_hal_gfxmmu.o
LOAD Drivers\STM32L4xx_HAL_Driver\Src\stm32l4xx_hal_gpio.o
LOAD Drivers\STM32L4xx_HAL_Driver\Src\stm32l4xx_hal_hash.o
LOAD Drivers\STM32L4xx_HAL_Driver\Src\stm32l4xx_hal_hash_ex.o
LOAD Drivers\STM32L4xx_HAL_Driver\Src\stm32l4xx_hal_hcd.o
LOAD Drivers\STM32L4xx_HAL_Driver\Src\stm32l4xx_hal_i2c.o
LOAD Drivers\STM32L4xx_HAL_Driver\Src\stm32l4xx_hal_i2c_ex.o
LOAD Drivers\STM32L4xx_HAL_Driver\Src\stm32l4xx_hal_irda.o
LOAD Drivers\STM32L4xx_HAL_Driver\Src\stm32l4xx_hal_iwdg.o
LOAD Drivers\STM32L4xx_HAL_Driver\Src\stm32l4xx_hal_lcd.o
LOAD Drivers\STM32L4xx_HAL_Driver\Src\stm32l4xx_hal_lptim.o
LOAD Drivers\STM32L4xx_HAL_Driver\Src\stm32l4xx_hal_ltdc.o
LOAD Drivers\STM32L4xx_HAL_Driver\Src\stm32l4xx_hal_ltdc_ex.o
LOAD Drivers\STM32L4xx_HAL_Driver\Src\stm32l4xx_hal_mmc.o
LOAD Drivers\STM32L4xx_HAL_Driver\Src\stm32l4xx_hal_mmc_ex.o
LOAD Drivers\STM32L4xx_HAL_Driver\Src\stm32l4xx_hal_msp_template.o
LOAD Drivers\STM32L4xx_HAL_Driver\Src\stm32l4xx_hal_nand.o
LOAD Drivers\STM32L4xx_HAL_Driver\Src\stm32l4xx_hal_nor.o
LOAD Drivers\STM32L4xx_HAL_Driver\Src\stm32l4xx_hal_opamp.o
LOAD Drivers\STM32L4xx_HAL_Driver\Src\stm32l4xx_hal_opamp_ex.o
LOAD Drivers\STM32L4xx_HAL_Driver\Src\stm32l4xx_hal_ospi.o
LOAD Drivers\STM32L4xx_HAL_Driver\Src\stm32l4xx_hal_pcd.o
LOAD Drivers\STM32L4xx_HAL_Driver\Src\stm32l4xx_hal_pcd_ex.o
LOAD Drivers\STM32L4xx_HAL_Driver\Src\stm32l4xx_hal_pka.o
LOAD Drivers\STM32L4xx_HAL_Driver\Src\stm32l4xx_hal_pssi.o
LOAD Drivers\STM32L4xx_HAL_Driver\Src\stm32l4xx_hal_pwr.o
LOAD Drivers\STM32L4xx_HAL_Driver\Src\stm32l4xx_hal_pwr_ex.o
LOAD Drivers\STM32L4xx_HAL_Driver\Src\stm32l4xx_hal_qspi.o
LOAD Drivers\STM32L4xx_HAL_Driver\Src\stm32l4xx_hal_rcc.o
LOAD Drivers\STM32L4xx_HAL_Driver\Src\stm32l4xx_hal_rcc_ex.o
LOAD Drivers\STM32L4xx_HAL_Driver\Src\stm32l4xx_hal_rng.o
LOAD Drivers\STM32L4xx_HAL_Driver\Src\stm32l4xx_hal_rng_ex.o
LOAD Drivers\STM32L4xx_HAL_Driver\Src\stm32l4xx_hal_rtc.o
LOAD Drivers\STM32L4xx_HAL_Driver\Src\stm32l4xx_hal_rtc_ex.o
LOAD Drivers\STM32L4xx_HAL_Driver\Src\stm32l4xx_hal_sai.o
LOAD Drivers\STM32L4xx_HAL_Driver\Src\stm32l4xx_hal_sai_ex.o
LOAD Drivers\STM32L4xx_HAL_Driver\Src\stm32l4xx_hal_sd.o
LOAD Drivers\STM32L4xx_HAL_Driver\Src\stm32l4xx_hal_sd_ex.o
LOAD Drivers\STM32L4xx_HAL_Driver\Src\stm32l4xx_hal_smartcard.o
LOAD Drivers\STM32L4xx_HAL_Driver\Src\stm32l4xx_hal_smartcard_ex.o
LOAD Drivers\STM32L4xx_HAL_Driver\Src\stm32l4xx_hal_smbus.o
LOAD Drivers\STM32L4xx_HAL_Driver\Src\stm32l4xx_hal_smbus_ex.o
LOAD Drivers\STM32L4xx_HAL_Driver\Src\stm32l4xx_hal_spi.o
LOAD Drivers\STM32L4xx_HAL_Driver\Src\stm32l4xx_hal_spi_ex.o
LOAD Drivers\STM32L4xx_HAL_Driver\Src\stm32l4xx_hal_sram.o
LOAD Drivers\STM32L4xx_HAL_Driver\Src\stm32l4xx_hal_swpmi.o
LOAD Drivers\STM32L4xx_HAL_Driver\Src\stm32l4xx_hal_tim.o
LOAD Drivers\STM32L4xx_HAL_Driver\Src\stm32l4xx_hal_tim_ex.o
LOAD Drivers\STM32L4xx_HAL_Driver\Src\stm32l4xx_hal_timebase_tim_template.o
LOAD Drivers\STM32L4xx_HAL_Driver\Src\stm32l4xx_hal_tsc.o
LOAD Drivers\STM32L4xx_HAL_Driver\Src\stm32l4xx_hal_uart.o
LOAD Drivers\STM32L4xx_HAL_Driver\Src\stm32l4xx_hal_uart_ex.o
LOAD Drivers\STM32L4xx_HAL_Driver\Src\stm32l4xx_hal_usart.o
LOAD Drivers\STM32L4xx_HAL_Driver\Src\stm32l4xx_hal_usart_ex.o
LOAD Drivers\STM32L4xx_HAL_Driver\Src\stm32l4xx_hal_wwdg.o
LOAD Drivers\STM32L4xx_HAL_Driver\Src\stm32l4xx_ll_adc.o
LOAD Drivers\STM32L4xx_HAL_Driver\Src\stm32l4xx_ll_comp.o
LOAD Drivers\STM32L4xx_HAL_Driver\Src\stm32l4xx_ll_crc.o
LOAD Drivers\STM32L4xx_HAL_Driver\Src\stm32l4xx_ll_crs.o
LOAD Drivers\STM32L4xx_HAL_Driver\Src\stm32l4xx_ll_dac.o
LOAD Drivers\STM32L4xx_HAL_Driver\Src\stm32l4xx_ll_dma.o
LOAD Drivers\STM32L4xx_HAL_Driver\Src\stm32l4xx_ll_dma2d.o
LOAD Drivers\STM32L4xx_HAL_Driver\Src\stm32l4xx_ll_exti.o
LOAD Drivers\STM32L4xx_HAL_Driver\Src\stm32l4xx_ll_fmc.o
LOAD Drivers\STM32L4xx_HAL_Driver\Src\stm32l4xx_ll_gpio.o
LOAD Drivers\STM32L4xx_HAL_Driver\Src\stm32l4xx_ll_i2c.o
LOAD Drivers\STM32L4xx_HAL_Driver\Src\stm32l4xx_ll_lptim.o
LOAD Drivers\STM32L4xx_HAL_Driver\Src\stm32l4xx_ll_lpuart.o
LOAD Drivers\STM32L4xx_HAL_Driver\Src\stm32l4xx_ll_opamp.o
LOAD Drivers\STM32L4xx_HAL_Driver\Src\stm32l4xx_ll_pka.o
LOAD Drivers\STM32L4xx_HAL_Driver\Src\stm32l4xx_ll_pwr.o
LOAD Drivers\STM32L4xx_HAL_Driver\Src\stm32l4xx_ll_rcc.o
LOAD Drivers\STM32L4xx_HAL_Driver\Src\stm32l4xx_ll_rng.o
LOAD Drivers\STM32L4xx_HAL_Driver\Src\stm32l4xx_ll_rtc.o
LOAD Drivers\STM32L4xx_HAL_Driver\Src\stm32l4xx_ll_sdmmc.o
LOAD Drivers\STM32L4xx_HAL_Driver\Src\stm32l4xx_ll_spi.o
LOAD Drivers\STM32L4xx_HAL_Driver\Src\stm32l4xx_ll_swpmi.o
LOAD Drivers\STM32L4xx_HAL_Driver\Src\stm32l4xx_ll_tim.o
LOAD Drivers\STM32L4xx_HAL_Driver\Src\stm32l4xx_ll_usart.o
LOAD Drivers\STM32L4xx_HAL_Driver\Src\stm32l4xx_ll_usb.o
LOAD Drivers\STM32L4xx_HAL_Driver\Src\stm32l4xx_ll_utils.o
LOAD src\apl\console.o
LOAD src\apl\sound_app.o
LOAD src\clock.o
LOAD src\dev\bt_dev.o
LOAD src\dev\btn_dev.o
LOAD src\dev\lcd_dev.o
LOAD src\dev\pcm3060.o
LOAD src\dev\w25q20ew.o
LOAD src\drv\dma.o
LOAD src\drv\i2c_wrapper.o
LOAD src\drv\octspi.o
LOAD src\drv\sai.o
LOAD src\drv\tim.o
LOAD src\drv\usart.o
LOAD src\main.o
LOAD src\misc\debug.o
LOAD src\misc\util.o
LOAD src\mng\cyc.o
LOAD src\mng\flash_mng.o
LOAD src\mng\lcd_fw.o
LOAD src\mng\wav.o
LOAD src\os\dispatch.o
LOAD src\os\interrupt.o
LOAD src\os\intr.o
LOAD src\os\kozos.o
LOAD src\os\lib.o
LOAD src\os\memory.o
LOAD src\os\syscall.o
LOAD src\os\util.o
LOAD src\pin_function.o
LOAD src\startup_stm32l4r5xx.o
LOAD src\system_stm32l4xx.o
LOAD src\tiny_printf.o
                0x00000080                malloc_getpagesize_P = 0x80
START GROUP
LOAD c:/program files (x86)/atollic/truestudio for stm32 9.3.0/armtools/bin/../lib/gcc/arm-atollic-eabi/6.3.1/../../../../arm-atollic-eabi/lib/armv7e-m/fpu\libc_nano.a
LOAD c:/program files (x86)/atollic/truestudio for stm32 9.3.0/armtools/bin/../lib/gcc/arm-atollic-eabi/6.3.1/../../../../arm-atollic-eabi/lib/armv7e-m/fpu\libm.a
END GROUP
START GROUP
LOAD c:/program files (x86)/atollic/truestudio for stm32 9.3.0/armtools/bin/../lib/gcc/arm-atollic-eabi/6.3.1/armv7e-m/fpu\libgcc.a
LOAD c:/program files (x86)/atollic/truestudio for stm32 9.3.0/armtools/bin/../lib/gcc/arm-atollic-eabi/6.3.1/../../../../arm-atollic-eabi/lib/armv7e-m/fpu\libc_nano.a
END GROUP
START GROUP
LOAD c:/program files (x86)/atollic/truestudio for stm32 9.3.0/armtools/bin/../lib/gcc/arm-atollic-eabi/6.3.1/armv7e-m/fpu\libgcc.a
LOAD c:/program files (x86)/atollic/truestudio for stm32 9.3.0/armtools/bin/../lib/gcc/arm-atollic-eabi/6.3.1/../../../../arm-atollic-eabi/lib/armv7e-m/fpu\libc_nano.a
LOAD c:/program files (x86)/atollic/truestudio for stm32 9.3.0/armtools/bin/../lib/gcc/arm-atollic-eabi/6.3.1/../../../../arm-atollic-eabi/lib/armv7e-m/fpu\libnosys.a
END GROUP
START GROUP
LOAD c:/program files (x86)/atollic/truestudio for stm32 9.3.0/armtools/bin/../lib/gcc/arm-atollic-eabi/6.3.1/armv7e-m/fpu\libgcc.a
LOAD c:/program files (x86)/atollic/truestudio for stm32 9.3.0/armtools/bin/../lib/gcc/arm-atollic-eabi/6.3.1/../../../../arm-atollic-eabi/lib/armv7e-m/fpu\libc_nano.a
LOAD c:/program files (x86)/atollic/truestudio for stm32 9.3.0/armtools/bin/../lib/gcc/arm-atollic-eabi/6.3.1/../../../../arm-atollic-eabi/lib/armv7e-m/fpu\libnosys.a
END GROUP
LOAD c:/program files (x86)/atollic/truestudio for stm32 9.3.0/armtools/bin/../lib/gcc/arm-atollic-eabi/6.3.1/armv7e-m/fpu/crtend.o
LOAD c:/program files (x86)/atollic/truestudio for stm32 9.3.0/armtools/bin/../lib/gcc/arm-atollic-eabi/6.3.1/armv7e-m/fpu/crtn.o
                0x20030000                _estack = 0x20030000
                0x00008000                _OS_STACK_SIZE = 0x8000
                0x00008000                _OS_SYSTEM_POOL_SIZE = 0x8000
                0x00000800                _OS_INTERRUPT_STACK_SIZE = 0x800
                0x0001f800                _OS_MEMORY_SIZE = 0x1f800

.isr_vector     0x08000000      0x1bc
                0x08000000                . = ALIGN (0x4)
 *(.isr_vector)
 .isr_vector    0x08000000      0x1bc src\startup_stm32l4r5xx.o
                0x08000000                g_pfnVectors
                0x080001bc                . = ALIGN (0x4)

.text           0x080001bc     0xa078
                0x080001bc                . = ALIGN (0x4)
 *(.text)
 .text          0x080001bc       0x40 c:/program files (x86)/atollic/truestudio for stm32 9.3.0/armtools/bin/../lib/gcc/arm-atollic-eabi/6.3.1/armv7e-m/fpu/crtbegin.o
 .text          0x080001fc       0x14 c:/program files (x86)/atollic/truestudio for stm32 9.3.0/armtools/bin/../lib/gcc/arm-atollic-eabi/6.3.1/../../../../arm-atollic-eabi/lib/armv7e-m/fpu\libc_nano.a(lib_a-strcmp.o)
                0x080001fc                strcmp
 .text          0x08000210       0x10 c:/program files (x86)/atollic/truestudio for stm32 9.3.0/armtools/bin/../lib/gcc/arm-atollic-eabi/6.3.1/../../../../arm-atollic-eabi/lib/armv7e-m/fpu\libc_nano.a(lib_a-strlen.o)
                0x08000210                strlen
 *(.text*)
 .text.HAL_GetTick
                0x08000220       0x18 Drivers\STM32L4xx_HAL_Driver\Src\stm32l4xx_hal.o
                0x08000220                HAL_GetTick
 .text.NVIC_GetPriorityGrouping
                0x08000238       0x1c Drivers\STM32L4xx_HAL_Driver\Src\stm32l4xx_hal_cortex.o
 .text.NVIC_EnableIRQ
                0x08000254       0x34 Drivers\STM32L4xx_HAL_Driver\Src\stm32l4xx_hal_cortex.o
 .text.NVIC_DisableIRQ
                0x08000288       0x34 Drivers\STM32L4xx_HAL_Driver\Src\stm32l4xx_hal_cortex.o
 .text.NVIC_SetPriority
                0x080002bc       0x54 Drivers\STM32L4xx_HAL_Driver\Src\stm32l4xx_hal_cortex.o
 .text.NVIC_EncodePriority
                0x08000310       0x62 Drivers\STM32L4xx_HAL_Driver\Src\stm32l4xx_hal_cortex.o
 .text.HAL_NVIC_SetPriority
                0x08000372       0x38 Drivers\STM32L4xx_HAL_Driver\Src\stm32l4xx_hal_cortex.o
                0x08000372                HAL_NVIC_SetPriority
 .text.HAL_NVIC_EnableIRQ
                0x080003aa       0x1c Drivers\STM32L4xx_HAL_Driver\Src\stm32l4xx_hal_cortex.o
                0x080003aa                HAL_NVIC_EnableIRQ
 .text.HAL_NVIC_DisableIRQ
                0x080003c6       0x1c Drivers\STM32L4xx_HAL_Driver\Src\stm32l4xx_hal_cortex.o
                0x080003c6                HAL_NVIC_DisableIRQ
 .text.HAL_DMA_Abort_IT
                0x080003e2       0xbe Drivers\STM32L4xx_HAL_Driver\Src\stm32l4xx_hal_dma.o
                0x080003e2                HAL_DMA_Abort_IT
 .text.HAL_DMA_GetState
                0x080004a0       0x1c Drivers\STM32L4xx_HAL_Driver\Src\stm32l4xx_hal_dma.o
                0x080004a0                HAL_DMA_GetState
 .text.HAL_GPIO_Init
                0x080004bc      0x324 Drivers\STM32L4xx_HAL_Driver\Src\stm32l4xx_hal_gpio.o
                0x080004bc                HAL_GPIO_Init
 .text.HAL_GPIO_ReadPin
                0x080007e0       0x30 Drivers\STM32L4xx_HAL_Driver\Src\stm32l4xx_hal_gpio.o
                0x080007e0                HAL_GPIO_ReadPin
 .text.HAL_GPIO_WritePin
                0x08000810       0x30 Drivers\STM32L4xx_HAL_Driver\Src\stm32l4xx_hal_gpio.o
                0x08000810                HAL_GPIO_WritePin
 .text.HAL_I2C_Init
                0x08000840      0x194 Drivers\STM32L4xx_HAL_Driver\Src\stm32l4xx_hal_i2c.o
                0x08000840                HAL_I2C_Init
 .text.HAL_I2C_MspInit
                0x080009d4       0x14 Drivers\STM32L4xx_HAL_Driver\Src\stm32l4xx_hal_i2c.o
                0x080009d4                HAL_I2C_MspInit
 .text.HAL_I2C_Master_Transmit_IT
                0x080009e8       0xe0 Drivers\STM32L4xx_HAL_Driver\Src\stm32l4xx_hal_i2c.o
                0x080009e8                HAL_I2C_Master_Transmit_IT
 .text.HAL_I2C_Master_Receive_IT
                0x08000ac8       0xe0 Drivers\STM32L4xx_HAL_Driver\Src\stm32l4xx_hal_i2c.o
                0x08000ac8                HAL_I2C_Master_Receive_IT
 .text.HAL_I2C_EV_IRQHandler
                0x08000ba8       0x34 Drivers\STM32L4xx_HAL_Driver\Src\stm32l4xx_hal_i2c.o
                0x08000ba8                HAL_I2C_EV_IRQHandler
 .text.HAL_I2C_ER_IRQHandler
                0x08000bdc       0xb6 Drivers\STM32L4xx_HAL_Driver\Src\stm32l4xx_hal_i2c.o
                0x08000bdc                HAL_I2C_ER_IRQHandler
 .text.HAL_I2C_SlaveTxCpltCallback
                0x08000c92       0x14 Drivers\STM32L4xx_HAL_Driver\Src\stm32l4xx_hal_i2c.o
                0x08000c92                HAL_I2C_SlaveTxCpltCallback
 .text.HAL_I2C_SlaveRxCpltCallback
                0x08000ca6       0x14 Drivers\STM32L4xx_HAL_Driver\Src\stm32l4xx_hal_i2c.o
                0x08000ca6                HAL_I2C_SlaveRxCpltCallback
 .text.HAL_I2C_AddrCallback
                0x08000cba       0x1c Drivers\STM32L4xx_HAL_Driver\Src\stm32l4xx_hal_i2c.o
                0x08000cba                HAL_I2C_AddrCallback
 .text.HAL_I2C_ListenCpltCallback
                0x08000cd6       0x14 Drivers\STM32L4xx_HAL_Driver\Src\stm32l4xx_hal_i2c.o
                0x08000cd6                HAL_I2C_ListenCpltCallback
 .text.HAL_I2C_MemTxCpltCallback
                0x08000cea       0x14 Drivers\STM32L4xx_HAL_Driver\Src\stm32l4xx_hal_i2c.o
                0x08000cea                HAL_I2C_MemTxCpltCallback
 .text.HAL_I2C_MemRxCpltCallback
                0x08000cfe       0x14 Drivers\STM32L4xx_HAL_Driver\Src\stm32l4xx_hal_i2c.o
                0x08000cfe                HAL_I2C_MemRxCpltCallback
 .text.HAL_I2C_AbortCpltCallback
                0x08000d12       0x14 Drivers\STM32L4xx_HAL_Driver\Src\stm32l4xx_hal_i2c.o
                0x08000d12                HAL_I2C_AbortCpltCallback
 .text.HAL_I2C_GetError
                0x08000d26       0x18 Drivers\STM32L4xx_HAL_Driver\Src\stm32l4xx_hal_i2c.o
                0x08000d26                HAL_I2C_GetError
 .text.I2C_Master_ISR_IT
                0x08000d3e      0x23a Drivers\STM32L4xx_HAL_Driver\Src\stm32l4xx_hal_i2c.o
 .text.I2C_Slave_ISR_IT
                0x08000f78      0x1f0 Drivers\STM32L4xx_HAL_Driver\Src\stm32l4xx_hal_i2c.o
 .text.I2C_Master_ISR_DMA
                0x08001168      0x1d6 Drivers\STM32L4xx_HAL_Driver\Src\stm32l4xx_hal_i2c.o
 .text.I2C_Slave_ISR_DMA
                0x0800133e      0x1ac Drivers\STM32L4xx_HAL_Driver\Src\stm32l4xx_hal_i2c.o
 .text.I2C_ITAddrCplt
                0x080014ea      0x108 Drivers\STM32L4xx_HAL_Driver\Src\stm32l4xx_hal_i2c.o
 .text.I2C_ITMasterSeqCplt
                0x080015f2       0x7e Drivers\STM32L4xx_HAL_Driver\Src\stm32l4xx_hal_i2c.o
 .text.I2C_ITSlaveSeqCplt
                0x08001670       0xbc Drivers\STM32L4xx_HAL_Driver\Src\stm32l4xx_hal_i2c.o
 .text.I2C_ITMasterCplt
                0x0800172c      0x198 Drivers\STM32L4xx_HAL_Driver\Src\stm32l4xx_hal_i2c.o
 .text.I2C_ITSlaveCplt
                0x080018c4      0x214 Drivers\STM32L4xx_HAL_Driver\Src\stm32l4xx_hal_i2c.o
 .text.I2C_ITListenCplt
                0x08001ad8       0xac Drivers\STM32L4xx_HAL_Driver\Src\stm32l4xx_hal_i2c.o
 .text.I2C_ITError
                0x08001b84      0x1a0 Drivers\STM32L4xx_HAL_Driver\Src\stm32l4xx_hal_i2c.o
 .text.I2C_TreatErrorCallback
                0x08001d24       0x52 Drivers\STM32L4xx_HAL_Driver\Src\stm32l4xx_hal_i2c.o
 .text.I2C_Flush_TXDR
                0x08001d76       0x48 Drivers\STM32L4xx_HAL_Driver\Src\stm32l4xx_hal_i2c.o
 .text.I2C_DMAAbort
                0x08001dbe       0x3c Drivers\STM32L4xx_HAL_Driver\Src\stm32l4xx_hal_i2c.o
 *fill*         0x08001dfa        0x2 
 .text.I2C_TransferConfig
                0x08001dfc       0x60 Drivers\STM32L4xx_HAL_Driver\Src\stm32l4xx_hal_i2c.o
 .text.I2C_Enable_IRQ
                0x08001e5c       0xd4 Drivers\STM32L4xx_HAL_Driver\Src\stm32l4xx_hal_i2c.o
 .text.I2C_Disable_IRQ
                0x08001f30       0xbc Drivers\STM32L4xx_HAL_Driver\Src\stm32l4xx_hal_i2c.o
 .text.HAL_I2CEx_ConfigAnalogFilter
                0x08001fec       0x96 Drivers\STM32L4xx_HAL_Driver\Src\stm32l4xx_hal_i2c_ex.o
                0x08001fec                HAL_I2CEx_ConfigAnalogFilter
 .text.HAL_I2CEx_ConfigDigitalFilter
                0x08002082       0x98 Drivers\STM32L4xx_HAL_Driver\Src\stm32l4xx_hal_i2c_ex.o
                0x08002082                HAL_I2CEx_ConfigDigitalFilter
 *fill*         0x0800211a        0x2 
 .text.HAL_PWREx_GetVoltageRange
                0x0800211c       0x40 Drivers\STM32L4xx_HAL_Driver\Src\stm32l4xx_hal_pwr_ex.o
                0x0800211c                HAL_PWREx_GetVoltageRange
 .text.HAL_PWREx_ControlVoltageScaling
                0x0800215c      0x148 Drivers\STM32L4xx_HAL_Driver\Src\stm32l4xx_hal_pwr_ex.o
                0x0800215c                HAL_PWREx_ControlVoltageScaling
 .text.HAL_PWREx_EnableVddIO2
                0x080022a4       0x20 Drivers\STM32L4xx_HAL_Driver\Src\stm32l4xx_hal_pwr_ex.o
                0x080022a4                HAL_PWREx_EnableVddIO2
 .text.HAL_RCC_OscConfig
                0x080022c4      0x6a4 Drivers\STM32L4xx_HAL_Driver\Src\stm32l4xx_hal_rcc.o
                0x080022c4                HAL_RCC_OscConfig
 .text.HAL_RCC_ClockConfig
                0x08002968      0x24c Drivers\STM32L4xx_HAL_Driver\Src\stm32l4xx_hal_rcc.o
                0x08002968                HAL_RCC_ClockConfig
 .text.HAL_RCC_GetSysClockFreq
                0x08002bb4      0x114 Drivers\STM32L4xx_HAL_Driver\Src\stm32l4xx_hal_rcc.o
                0x08002bb4                HAL_RCC_GetSysClockFreq
 .text.HAL_RCC_GetHCLKFreq
                0x08002cc8       0x18 Drivers\STM32L4xx_HAL_Driver\Src\stm32l4xx_hal_rcc.o
                0x08002cc8                HAL_RCC_GetHCLKFreq
 .text.HAL_RCC_GetPCLK1Freq
                0x08002ce0       0x2c Drivers\STM32L4xx_HAL_Driver\Src\stm32l4xx_hal_rcc.o
                0x08002ce0                HAL_RCC_GetPCLK1Freq
 .text.HAL_RCC_GetPCLK2Freq
                0x08002d0c       0x2c Drivers\STM32L4xx_HAL_Driver\Src\stm32l4xx_hal_rcc.o
                0x08002d0c                HAL_RCC_GetPCLK2Freq
 .text.RCC_SetFlashLatencyFromMSIRange
                0x08002d38       0xb4 Drivers\STM32L4xx_HAL_Driver\Src\stm32l4xx_hal_rcc.o
 .text.RCC_GetSysClockFreqFromPLLSource
                0x08002dec       0xc4 Drivers\STM32L4xx_HAL_Driver\Src\stm32l4xx_hal_rcc.o
 .text.HAL_RCCEx_PeriphCLKConfig
                0x08002eb0      0x650 Drivers\STM32L4xx_HAL_Driver\Src\stm32l4xx_hal_rcc_ex.o
                0x08002eb0                HAL_RCCEx_PeriphCLKConfig
 .text.HAL_RCCEx_GetPeriphCLKFreq
                0x08003500      0xc30 Drivers\STM32L4xx_HAL_Driver\Src\stm32l4xx_hal_rcc_ex.o
                0x08003500                HAL_RCCEx_GetPeriphCLKFreq
 .text.RCCEx_PLLSAI1_Config
                0x08004130      0x1e0 Drivers\STM32L4xx_HAL_Driver\Src\stm32l4xx_hal_rcc_ex.o
 .text.RCCEx_PLLSAI2_Config
                0x08004310      0x1e0 Drivers\STM32L4xx_HAL_Driver\Src\stm32l4xx_hal_rcc_ex.o
 .text.RCCEx_GetSAIxPeriphCLKFreq
                0x080044f0      0x224 Drivers\STM32L4xx_HAL_Driver\Src\stm32l4xx_hal_rcc_ex.o
 .text.val2ascii
                0x08004714       0x26 src\apl\console.o
 .text.console_recv
                0x0800473a       0x1e src\apl\console.o
 .text.console_analysis
                0x08004758       0xf4 src\apl\console.o
 .text.console_main
                0x0800484c       0x54 src\apl\console.o
 .text.console_init
                0x080048a0       0x58 src\apl\console.o
                0x080048a0                console_init
 .text.console_str_send
                0x080048f8       0x2c src\apl\console.o
                0x080048f8                console_str_send
 .text.console_val_send
                0x08004924       0xf0 src\apl\console.o
                0x08004924                console_val_send
 .text.console_val_send_u16
                0x08004a14       0xf8 src\apl\console.o
                0x08004a14                console_val_send_u16
 .text.console_set_command
                0x08004b0c       0x78 src\apl\console.o
                0x08004b0c                console_set_command
 .text.wav_sta_callback
                0x08004b84      0x100 src\apl\sound_app.o
 .text.sound_app_get_frame_cnt
                0x08004c84       0x3e src\apl\sound_app.o
 *fill*         0x08004cc2        0x2 
 .text.wav_rcv_callback
                0x08004cc4      0x1b0 src\apl\sound_app.o
 .text.wav_end_callback
                0x08004e74       0x1c src\apl\sound_app.o
 .text.pcm3060_callback
                0x08004e90      0x10c src\apl\sound_app.o
 .text.sound_app_sta
                0x08004f9c       0x84 src\apl\sound_app.o
 .text.sound_app_sta_beep
                0x08005020       0xac src\apl\sound_app.o
 .text.sound_app_stp
                0x080050cc       0x70 src\apl\sound_app.o
 .text.sound_app_main
                0x0800513c       0xb0 src\apl\sound_app.o
 .text.sound_app_init
                0x080051ec       0x90 src\apl\sound_app.o
                0x080051ec                sound_app_init
 .text.sound_app_play_beep
                0x0800527c       0x4c src\apl\sound_app.o
                0x0800527c                sound_app_play_beep
 .text.sound_app_cmd_beep_1000ms
                0x080052c8       0x14 src\apl\sound_app.o
 .text.sound_app_cmd_beep_3000ms
                0x080052dc       0x14 src\apl\sound_app.o
 .text.sound_app_cmd_beep_0kHz
                0x080052f0       0x10 src\apl\sound_app.o
 .text.sound_app_cmd_stop
                0x08005300       0x38 src\apl\sound_app.o
 .text.sound_app_set_cmd
                0x08005338       0x70 src\apl\sound_app.o
                0x08005338                sound_app_set_cmd
 .text.Error_Handler
                0x080053a8        0x6 src\clock.o
 .text.SystemClock_Config
                0x080053ae       0xa6 src\clock.o
 .text.periferal_clock_init
                0x08005454      0x340 src\clock.o
                0x08005454                periferal_clock_init
 .text.bt_dev_msg_connected
                0x08005794       0x1c src\dev\bt_dev.o
 .text.bt_dev_msg_unconnected
                0x080057b0       0x2c src\dev\bt_dev.o
 .text.bt_dev_connected
                0x080057dc       0x40 src\dev\bt_dev.o
 .text.bt_dev_unconnected
                0x0800581c       0x40 src\dev\bt_dev.o
 .text.bt_dev_msg_check_sts
                0x0800585c       0x9c src\dev\bt_dev.o
 .text.send_data
                0x080058f8       0x24 src\dev\bt_dev.o
 .text.cmd_check
                0x0800591c       0x2c src\dev\bt_dev.o
 .text.cmd_version
                0x08005948       0x2c src\dev\bt_dev.o
 .text.cmd_name
                0x08005974       0x40 src\dev\bt_dev.o
 .text.cmd_baudrate
                0x080059b4       0x64 src\dev\bt_dev.o
 .text.cmd_pin  0x08005a18       0x4c src\dev\bt_dev.o
 .text.bt_dev_msg_send
                0x08005a64       0x54 src\dev\bt_dev.o
 .text.bt_dev_cmd_connect_check
                0x08005ab8       0x1e src\dev\bt_dev.o
 .text.bt_dev_cmd_version
                0x08005ad6       0x1e src\dev\bt_dev.o
 .text.bt_dev_cmd_name
                0x08005af4       0x28 src\dev\bt_dev.o
 .text.bt_dev_cmd_baudrate_115200
                0x08005b1c       0x1e src\dev\bt_dev.o
 .text.bt_dev_cmd_baudrate_9600
                0x08005b3a       0x1e src\dev\bt_dev.o
 .text.bt_dev_cmd_change_baudrate
                0x08005b58       0xb8 src\dev\bt_dev.o
 .text.bt_dev_rcv_main
                0x08005c10       0x58 src\dev\bt_dev.o
 .text.bt_dev_sts_main
                0x08005c68       0xa0 src\dev\bt_dev.o
 .text.bt_dev_init
                0x08005d08       0xa8 src\dev\bt_dev.o
                0x08005d08                bt_dev_init
 .text.bt_dev_reg_callback
                0x08005db0       0x40 src\dev\bt_dev.o
                0x08005db0                bt_dev_reg_callback
 .text.bt_dev_send
                0x08005df0       0xb4 src\dev\bt_dev.o
                0x08005df0                bt_dev_send
 .text.bt_dev_check_sts
                0x08005ea4       0x3c src\dev\bt_dev.o
                0x08005ea4                bt_dev_check_sts
 .text.bt_dev_set_cmd
                0x08005ee0       0xa0 src\dev\bt_dev.o
                0x08005ee0                bt_dev_set_cmd
 .text.sai_callback
                0x08005f80       0x3a src\dev\pcm3060.o
 *fill*         0x08005fba        0x2 
 .text.i2c_wrapper_snd_callback
                0x08005fbc       0x44 src\dev\pcm3060.o
 .text.i2c_wrapper_rcv_callback
                0x08006000       0x48 src\dev\pcm3060.o
 .text.pcm3060_send_data
                0x08006048       0x74 src\dev\pcm3060.o
 .text.pcm3060_read_data
                0x080060bc       0x70 src\dev\pcm3060.o
 .text.reg_check
                0x0800612c       0x8c src\dev\pcm3060.o
 .text.pcm3060_init
                0x080061b8       0x28 src\dev\pcm3060.o
                0x080061b8                pcm3060_init
 .text.pcm3060_open
                0x080061e0      0x174 src\dev\pcm3060.o
                0x080061e0                pcm3060_open
 .text.pcm3060_play
                0x08006354       0x48 src\dev\pcm3060.o
                0x08006354                pcm3060_play
 .text.pcm3060_mute
                0x0800639c       0xc0 src\dev\pcm3060.o
                0x0800639c                pcm3060_mute
 .text.pcm3060_cmd_mute_enable
                0x0800645c        0xe src\dev\pcm3060.o
 .text.pcm3060_cmd_mute_disable
                0x0800646a        0xe src\dev\pcm3060.o
 .text.pcm3060_set_cmd
                0x08006478       0x40 src\dev\pcm3060.o
                0x08006478                pcm3060_set_cmd
 .text.w25q20ew_init
                0x080064b8       0x28 src\dev\w25q20ew.o
                0x080064b8                w25q20ew_init
 .text.w25q20ew_open
                0x080064e0       0x38 src\dev\w25q20ew.o
                0x080064e0                w25q20ew_open
 .text.w25q20ew_write_enable
                0x08006518       0x50 src\dev\w25q20ew.o
                0x08006518                w25q20ew_write_enable
 .text.w25q20ew_write
                0x08006568       0x4c src\dev\w25q20ew.o
                0x08006568                w25q20ew_write
 .text.w25q20ew_erase
                0x080065b4       0x38 src\dev\w25q20ew.o
                0x080065b4                w25q20ew_erase
 .text.w25q20ew_read
                0x080065ec       0x4c src\dev\w25q20ew.o
                0x080065ec                w25q20ew_read
 .text.w25q20ew_get_devise_id
                0x08006638       0x54 src\dev\w25q20ew.o
                0x08006638                w25q20ew_get_devise_id
 .text.w25q20ew_write_disable
                0x0800668c       0x30 src\dev\w25q20ew.o
                0x0800668c                w25q20ew_write_disable
 .text.w25q20ew_cmd_get_device_id
                0x080066bc        0xc src\dev\w25q20ew.o
 .text.w25q20ew_set_cmd
                0x080066c8       0x28 src\dev\w25q20ew.o
                0x080066c8                w25q20ew_set_cmd
 .text.dma_common_handler
                0x080066f0       0xa8 src\drv\dma.o
 .text.dma1_handler
                0x08006798        0xe src\drv\dma.o
                0x08006798                dma1_handler
 .text.dma2_handler
                0x080067a6        0xe src\drv\dma.o
                0x080067a6                dma2_handler
 .text.dma3_handler
                0x080067b4        0xe src\drv\dma.o
                0x080067b4                dma3_handler
 .text.dma4_handler
                0x080067c2        0xe src\drv\dma.o
                0x080067c2                dma4_handler
 .text.dma5_handler
                0x080067d0        0xe src\drv\dma.o
                0x080067d0                dma5_handler
 .text.dma6_handler
                0x080067de        0xe src\drv\dma.o
                0x080067de                dma6_handler
 .text.dma7_handler
                0x080067ec        0xe src\drv\dma.o
                0x080067ec                dma7_handler
 *fill*         0x080067fa        0x2 
 .text.dma_init
                0x080067fc       0x74 src\drv\dma.o
                0x080067fc                dma_init
 .text.dma_open
                0x08006870       0xcc src\drv\dma.o
                0x08006870                dma_open
 .text.dma_start
                0x0800693c      0x300 src\drv\dma.o
                0x0800693c                dma_start
 .text.dma_stop
                0x08006c3c       0xa8 src\drv\dma.o
                0x08006c3c                dma_stop
 .text.Error_Handler
                0x08006ce4        0x6 src\drv\i2c_wrapper.o
 *fill*         0x08006cea        0x2 
 .text.I2C1_EV_IRQHandler
                0x08006cec       0x28 src\drv\i2c_wrapper.o
 .text.I2C1_ER_IRQHandler
                0x08006d14       0x28 src\drv\i2c_wrapper.o
 .text.I2C2_EV_IRQHandler
                0x08006d3c       0x28 src\drv\i2c_wrapper.o
 .text.I2C2_ER_IRQHandler
                0x08006d64       0x28 src\drv\i2c_wrapper.o
 .text.HAL_I2C_MasterTxCpltCallback
                0x08006d8c       0x80 src\drv\i2c_wrapper.o
                0x08006d8c                HAL_I2C_MasterTxCpltCallback
 .text.HAL_I2C_MasterRxCpltCallback
                0x08006e0c       0x90 src\drv\i2c_wrapper.o
                0x08006e0c                HAL_I2C_MasterRxCpltCallback
 .text.HAL_I2C_ErrorCallback
                0x08006e9c       0xc4 src\drv\i2c_wrapper.o
                0x08006e9c                HAL_I2C_ErrorCallback
 .text.i2c_wrapper_init
                0x08006f60       0xa0 src\drv\i2c_wrapper.o
                0x08006f60                i2c_wrapper_init
 .text.i2c_wrapper_open
                0x08007000      0x178 src\drv\i2c_wrapper.o
                0x08007000                i2c_wrapper_open
 .text.i2c_wrapper_send
                0x08007178       0x8c src\drv\i2c_wrapper.o
                0x08007178                i2c_wrapper_send
 .text.i2c_wrapper_read
                0x08007204       0x8c src\drv\i2c_wrapper.o
                0x08007204                i2c_wrapper_read
 .text.opctspi_common_handler
                0x08007290       0x2c src\drv\octspi.o
                0x08007290                opctspi_common_handler
 .text.opctspi1_handler
                0x080072bc        0xe src\drv\octspi.o
 .text.opctspi2_handler
                0x080072ca        0xe src\drv\octspi.o
 .text.get_expornent
                0x080072d8       0x42 src\drv\octspi.o
 *fill*         0x0800731a        0x2 
 .text.set_clk  0x0800731c       0x60 src\drv\octspi.o
 .text.pin_config
                0x0800737c       0x48 src\drv\octspi.o
 .text.wait_status
                0x080073c4       0x50 src\drv\octspi.o
 .text.octospi_init
                0x08007414       0x70 src\drv\octspi.o
                0x08007414                octospi_init
 .text.octospi_open
                0x08007484      0x158 src\drv\octspi.o
                0x08007484                octospi_open
 .text.octospi_proc
                0x080075dc      0x208 src\drv\octspi.o
 .text.octospi_send
                0x080077e4       0x60 src\drv\octspi.o
                0x080077e4                octospi_send
 .text.octospi_recv
                0x08007844       0x54 src\drv\octspi.o
                0x08007844                octospi_recv
 .text.sai_dma_callback
                0x08007898       0x60 src\drv\sai.o
 .text.sai_common_handler
                0x080078f8      0x100 src\drv\sai.o
 .text.sai1_handler
                0x080079f8        0xe src\drv\sai.o
                0x080079f8                sai1_handler
 *fill*         0x08007a06        0x2 
 .text.set_config
                0x08007a08      0x234 src\drv\sai.o
 .text.sai_init
                0x08007c3c       0x80 src\drv\sai.o
                0x08007c3c                sai_init
 .text.sai_open_dma
                0x08007cbc       0xc4 src\drv\sai.o
                0x08007cbc                sai_open_dma
 .text.sai_send_dma
                0x08007d80       0xe8 src\drv\sai.o
                0x08007d80                sai_send_dma
 .text.sai_stop_dma
                0x08007e68       0x88 src\drv\sai.o
                0x08007e68                sai_stop_dma
 .text.get_fifo_empty_num
                0x08007ef0       0x3e src\drv\usart.o
 *fill*         0x08007f2e        0x2 
 .text.usart_common_handler
                0x08007f30      0x164 src\drv\usart.o
 .text.usart1_handler
                0x08008094        0xe src\drv\usart.o
                0x08008094                usart1_handler
 .text.usart2_handler
                0x080080a2        0xe src\drv\usart.o
                0x080080a2                usart2_handler
 .text.calc_brr
                0x080080b0       0x3c src\drv\usart.o
 .text.usart_init
                0x080080ec       0x78 src\drv\usart.o
                0x080080ec                usart_init
 .text.usart_open
                0x08008164       0xfc src\drv\usart.o
                0x08008164                usart_open
 .text.usart_close
                0x08008260       0xa8 src\drv\usart.o
                0x08008260                usart_close
 .text.usart_send
                0x08008308       0xf0 src\drv\usart.o
                0x08008308                usart_send
 .text.usart_recv
                0x080083f8       0xd4 src\drv\usart.o
                0x080083f8                usart_recv
 .text.start_threads
                0x080084cc       0x58 src\main.o
 .text.main     0x08008524       0x34 src\main.o
                0x08008524                main
 .text.dbg_init
                0x08008558       0x38 src\misc\debug.o
                0x08008558                dbg_init
 .text.dbg_save_int_info
                0x08008590      0x178 src\misc\debug.o
                0x08008590                dbg_save_int_info
 .text.dbg_save_tsk_info
                0x08008708       0xa0 src\misc\debug.o
                0x08008708                dbg_save_tsk_info
 .text.dbg_save_dispatch_tsk_info
                0x080087a8       0xdc src\misc\debug.o
                0x080087a8                dbg_save_dispatch_tsk_info
 .text._busy_wait
                0x08008884        0xc src\misc\util.o
                0x08008884                _busy_wait
 .text.cycmsg_main
                0x08008890       0x58 src\mng\cyc.o
                0x08008890                cycmsg_main
 .text.set_cyclic_message
                0x080088e8       0x64 src\mng\cyc.o
                0x080088e8                set_cyclic_message
 .text.cyc_init
                0x0800894c       0x4c src\mng\cyc.o
                0x0800894c                cyc_init
 .text.flash_mng_init
                0x08008998       0x68 src\mng\flash_mng.o
                0x08008998                flash_mng_init
 .text.flash_mng_open
                0x08008a00       0x68 src\mng\flash_mng.o
                0x08008a00                flash_mng_open
 .text.wav_local_init
                0x08008a68       0x54 src\mng\wav.o
 .text.data_analysis
                0x08008abc      0x240 src\mng\wav.o
 .text.bt_dev_callback
                0x08008cfc      0x122 src\mng\wav.o
 *fill*         0x08008e1e        0x2 
 .text.wav_init
                0x08008e20       0x28 src\mng\wav.o
                0x08008e20                wav_init
 .text.wav_open
                0x08008e48       0x58 src\mng\wav.o
                0x08008e48                wav_open
 .text._dispatch
                0x08008ea0       0x2a src\os\dispatch.o
                0x08008ea0                _dispatch
 .text._dispatch_int
                0x08008eca        0x6 src\os\dispatch.o
                0x08008eca                _dispatch_int
 .text.vec_common
                0x08008ed0       0x14 src\os\intr.o
                0x08008ed0                vec_common
 .text.NVIC_SetPriority
                0x08008ee4       0x54 src\os\kozos.o
 .text.SysTick_Config
                0x08008f38       0x44 src\os\kozos.o
 .text.getcurrent
                0x08008f7c       0x84 src\os\kozos.o
 .text.putcurrent
                0x08009000       0x94 src\os\kozos.o
 .text.thread_end
                0x08009094        0xc src\os\kozos.o
 .text.thread_init
                0x080090a0       0x24 src\os\kozos.o
 .text.thread_run
                0x080090c4      0x288 src\os\kozos.o
 .text.thread_exit
                0x0800934c       0x34 src\os\kozos.o
 .text.thread_wait
                0x08009380        0xe src\os\kozos.o
 .text.thread_sleep
                0x0800938e       0x10 src\os\kozos.o
 *fill*         0x0800939e        0x2 
 .text.thread_wakeup
                0x080093a0       0x24 src\os\kozos.o
 .text.thread_getid
                0x080093c4       0x14 src\os\kozos.o
 .text.thread_chpri
                0x080093d8       0x30 src\os\kozos.o
 .text.thread_kmalloc
                0x08009408       0x1c src\os\kozos.o
 .text.thread_kmfree
                0x08009424       0x1c src\os\kozos.o
 .text.sendmsg  0x08009440       0x5e src\os\kozos.o
 .text.recvmsg  0x0800949e       0x74 src\os\kozos.o
 *fill*         0x08009512        0x2 
 .text.thread_send
                0x08009514       0x58 src\os\kozos.o
 .text.thread_recv
                0x0800956c       0x5c src\os\kozos.o
 .text.thread_setintr
                0x080095c8       0x2c src\os\kozos.o
 .text.thread_tsleep
                0x080095f4       0x4c src\os\kozos.o
 .text.call_functions
                0x08009640      0x158 src\os\kozos.o
 .text.syscall_proc
                0x08009798       0x22 src\os\kozos.o
 *fill*         0x080097ba        0x2 
 .text.srvcall_proc
                0x080097bc       0x28 src\os\kozos.o
 .text.schedule
                0x080097e4       0x50 src\os\kozos.o
 .text.syscall_intr
                0x08009834       0x24 src\os\kozos.o
 .text.thread_intr
                0x08009858       0x84 src\os\kozos.o
                0x08009858                thread_intr
 .text.kz_start
                0x080098dc       0xd0 src\os\kozos.o
                0x080098dc                kz_start
 .text.kz_sysdown
                0x080099ac       0x10 src\os\kozos.o
                0x080099ac                kz_sysdown
 .text.kz_syscall
                0x080099bc       0x34 src\os\kozos.o
                0x080099bc                kz_syscall
 .text.kz_srvcall
                0x080099f0       0x1e src\os\kozos.o
                0x080099f0                kz_srvcall
 *fill*         0x08009a0e        0x2 
 .text.kz_get_time_ms
                0x08009a10       0x18 src\os\kozos.o
                0x08009a10                kz_get_time_ms
 .text.kz_get_time_s
                0x08009a28       0x18 src\os\kozos.o
                0x08009a28                kz_get_time_s
 .text.SysTick_init
                0x08009a40       0x24 src\os\kozos.o
 .text.SysTick_Handler
                0x08009a64       0x34 src\os\kozos.o
                0x08009a64                SysTick_Handler
 .text.mng_tsleep
                0x08009a98       0xe4 src\os\kozos.o
 .text.kzmem_init_pool
                0x08009b7c       0x70 src\os\memory.o
 .text.kzmem_init
                0x08009bec       0x3c src\os\memory.o
                0x08009bec                kzmem_init
 .text.kzmem_alloc
                0x08009c28       0x78 src\os\memory.o
                0x08009c28                kzmem_alloc
 .text.kzmem_free
                0x08009ca0       0x5c src\os\memory.o
                0x08009ca0                kzmem_free
 .text.kz_run   0x08009cfc       0x3c src\os\syscall.o
                0x08009cfc                kz_run
 .text.kz_exit  0x08009d38       0x10 src\os\syscall.o
                0x08009d38                kz_exit
 .text.kz_sleep
                0x08009d48       0x1a src\os\syscall.o
                0x08009d48                kz_sleep
 .text.kz_getid
                0x08009d62       0x1a src\os\syscall.o
                0x08009d62                kz_getid
 .text.kz_chpri
                0x08009d7c       0x22 src\os\syscall.o
                0x08009d7c                kz_chpri
 .text.kz_kmalloc
                0x08009d9e       0x2e src\os\syscall.o
                0x08009d9e                kz_kmalloc
 .text.kz_kmfree
                0x08009dcc       0x22 src\os\syscall.o
                0x08009dcc                kz_kmfree
 .text.kz_send  0x08009dee       0x30 src\os\syscall.o
                0x08009dee                kz_send
 .text.kz_recv  0x08009e1e       0x30 src\os\syscall.o
                0x08009e1e                kz_recv
 .text.kz_setintr
                0x08009e4e       0x2a src\os\syscall.o
                0x08009e4e                kz_setintr
 .text.kz_tsleep
                0x08009e78       0x22 src\os\syscall.o
                0x08009e78                kz_tsleep
 .text.kx_wakeup
                0x08009e9a       0x22 src\os\syscall.o
                0x08009e9a                kx_wakeup
 .text.kx_kmalloc
                0x08009ebc       0x22 src\os\syscall.o
                0x08009ebc                kx_kmalloc
 .text.kx_send  0x08009ede       0x30 src\os\syscall.o
                0x08009ede                kx_send
 *fill*         0x08009f0e        0x2 
 .text.pin_function_init
                0x08009f10       0xa4 src\pin_function.o
                0x08009f10                pin_function_init
 .text.Reset_Handler
                0x08009fb4       0x50 src\startup_stm32l4r5xx.o
                0x08009fb4                Reset_Handler
 .text.Default_Handler
                0x0800a004        0x2 src\startup_stm32l4r5xx.o
                0x0800a004                RTC_Alarm_IRQHandler
                0x0800a004                EXTI2_IRQHandler
                0x0800a004                TIM8_TRG_COM_IRQHandler
                0x0800a004                TIM8_CC_IRQHandler
                0x0800a004                DebugMon_Handler
                0x0800a004                TIM1_CC_IRQHandler
                0x0800a004                TSC_IRQHandler
                0x0800a004                HardFault_Handler
                0x0800a004                TAMP_STAMP_IRQHandler
                0x0800a004                PendSV_Handler
                0x0800a004                NMI_Handler
                0x0800a004                EXTI3_IRQHandler
                0x0800a004                LPTIM2_IRQHandler
                0x0800a004                DFSDM1_FLT1_IRQHandler
                0x0800a004                GFXMMU_IRQHandler
                0x0800a004                I2C3_ER_IRQHandler
                0x0800a004                DFSDM1_FLT2_IRQHandler
                0x0800a004                EXTI0_IRQHandler
                0x0800a004                I2C2_EV_IRQHandler
                0x0800a004                CAN1_RX0_IRQHandler
                0x0800a004                FPU_IRQHandler
                0x0800a004                TIM1_UP_TIM16_IRQHandler
                0x0800a004                UsageFault_Handler
                0x0800a004                LTDC_ER_IRQHandler
                0x0800a004                SPI1_IRQHandler
                0x0800a004                OCTOSPI1_IRQHandler
                0x0800a004                DCMI_IRQHandler
                0x0800a004                TIM8_UP_IRQHandler
                0x0800a004                OCTOSPI2_IRQHandler
                0x0800a004                DMA2_Channel2_IRQHandler
                0x0800a004                DMA1_Channel4_IRQHandler
                0x0800a004                SAI2_IRQHandler
                0x0800a004                ADC1_IRQHandler
                0x0800a004                DFSDM1_FLT3_IRQHandler
                0x0800a004                USART3_IRQHandler
                0x0800a004                DMA1_Channel7_IRQHandler
                0x0800a004                CAN1_RX1_IRQHandler
                0x0800a004                UART5_IRQHandler
                0x0800a004                TIM4_IRQHandler
                0x0800a004                DMA2_Channel1_IRQHandler
                0x0800a004                I2C1_EV_IRQHandler
                0x0800a004                DMAMUX1_OVR_IRQHandler
                0x0800a004                DMA1_Channel6_IRQHandler
                0x0800a004                UART4_IRQHandler
                0x0800a004                DMA2_Channel4_IRQHandler
                0x0800a004                TIM3_IRQHandler
                0x0800a004                RCC_IRQHandler
                0x0800a004                DMA1_Channel1_IRQHandler
                0x0800a004                Default_Handler
                0x0800a004                DMA2_Channel7_IRQHandler
                0x0800a004                EXTI15_10_IRQHandler
                0x0800a004                TIM7_IRQHandler
                0x0800a004                SDMMC1_IRQHandler
                0x0800a004                TIM5_IRQHandler
                0x0800a004                I2C3_EV_IRQHandler
                0x0800a004                EXTI9_5_IRQHandler
                0x0800a004                RTC_WKUP_IRQHandler
                0x0800a004                LTDC_IRQHandler
                0x0800a004                PVD_PVM_IRQHandler
                0x0800a004                SPI2_IRQHandler
                0x0800a004                MemManage_Handler
                0x0800a004                CAN1_TX_IRQHandler
                0x0800a004                SVC_Handler
                0x0800a004                DMA2_Channel5_IRQHandler
                0x0800a004                CRS_IRQHandler
                0x0800a004                DMA1_Channel5_IRQHandler
                0x0800a004                EXTI4_IRQHandler
                0x0800a004                RNG_IRQHandler
                0x0800a004                TIM1_TRG_COM_TIM17_IRQHandler
                0x0800a004                DMA1_Channel3_IRQHandler
                0x0800a004                COMP_IRQHandler
                0x0800a004                WWDG_IRQHandler
                0x0800a004                I2C4_EV_IRQHandler
                0x0800a004                LPUART1_IRQHandler
                0x0800a004                DMA2_Channel6_IRQHandler
                0x0800a004                TIM2_IRQHandler
                0x0800a004                DMA2D_IRQHandler
                0x0800a004                EXTI1_IRQHandler
                0x0800a004                USART2_IRQHandler
                0x0800a004                DFSDM1_FLT0_IRQHandler
                0x0800a004                I2C2_ER_IRQHandler
                0x0800a004                DMA1_Channel2_IRQHandler
                0x0800a004                TIM8_BRK_IRQHandler
                0x0800a004                CAN1_SCE_IRQHandler
                0x0800a004                FLASH_IRQHandler
                0x0800a004                BusFault_Handler
                0x0800a004                USART1_IRQHandler
                0x0800a004                OTG_FS_IRQHandler
                0x0800a004                SPI3_IRQHandler
                0x0800a004                I2C1_ER_IRQHandler
                0x0800a004                FMC_IRQHandler
                0x0800a004                LPTIM1_IRQHandler
                0x0800a004                I2C4_ER_IRQHandler
                0x0800a004                SAI1_IRQHandler
                0x0800a004                DMA2_Channel3_IRQHandler
                0x0800a004                TIM1_BRK_TIM15_IRQHandler
 *fill*         0x0800a006        0x2 
 .text.SystemInit
                0x0800a008       0x6c src\system_stm32l4xx.o
                0x0800a008                SystemInit
 .text.is_ram_addr
                0x0800a074       0x30 src\system_stm32l4xx.o
                0x0800a074                is_ram_addr
 .text.is_peri_addr
                0x0800a0a4       0x74 src\system_stm32l4xx.o
                0x0800a0a4                is_peri_addr
 .text.puts     0x0800a118       0x58 src\tiny_printf.o
                0x0800a118                puts
 .text.__libc_init_array
                0x0800a170       0x48 c:/program files (x86)/atollic/truestudio for stm32 9.3.0/armtools/bin/../lib/gcc/arm-atollic-eabi/6.3.1/../../../../arm-atollic-eabi/lib/armv7e-m/fpu\libc_nano.a(lib_a-init.o)
                0x0800a170                __libc_init_array
 .text.memcmp   0x0800a1b8       0x1e c:/program files (x86)/atollic/truestudio for stm32 9.3.0/armtools/bin/../lib/gcc/arm-atollic-eabi/6.3.1/../../../../arm-atollic-eabi/lib/armv7e-m/fpu\libc_nano.a(lib_a-memcmp.o)
                0x0800a1b8                memcmp
 .text.memcpy   0x0800a1d6       0x16 c:/program files (x86)/atollic/truestudio for stm32 9.3.0/armtools/bin/../lib/gcc/arm-atollic-eabi/6.3.1/../../../../arm-atollic-eabi/lib/armv7e-m/fpu\libc_nano.a(lib_a-memcpy-stub.o)
                0x0800a1d6                memcpy
 .text.memset   0x0800a1ec       0x10 c:/program files (x86)/atollic/truestudio for stm32 9.3.0/armtools/bin/../lib/gcc/arm-atollic-eabi/6.3.1/../../../../arm-atollic-eabi/lib/armv7e-m/fpu\libc_nano.a(lib_a-memset.o)
                0x0800a1ec                memset
 .text.strcpy   0x0800a1fc       0x10 c:/program files (x86)/atollic/truestudio for stm32 9.3.0/armtools/bin/../lib/gcc/arm-atollic-eabi/6.3.1/../../../../arm-atollic-eabi/lib/armv7e-m/fpu\libc_nano.a(lib_a-strcpy.o)
                0x0800a1fc                strcpy
 .text._write   0x0800a20c       0x10 c:/program files (x86)/atollic/truestudio for stm32 9.3.0/armtools/bin/../lib/gcc/arm-atollic-eabi/6.3.1/../../../../arm-atollic-eabi/lib/armv7e-m/fpu\libnosys.a(write.o)
                0x0800a20c                _write
 *(.glue_7)
 .glue_7        0x0800a21c        0x0 linker stubs
 *(.glue_7t)
 .glue_7t       0x0800a21c        0x0 linker stubs
 *(.eh_frame)
 .eh_frame      0x0800a21c        0x0 c:/program files (x86)/atollic/truestudio for stm32 9.3.0/armtools/bin/../lib/gcc/arm-atollic-eabi/6.3.1/armv7e-m/fpu/crtbegin.o
 *(.init)
 .init          0x0800a21c        0x4 c:/program files (x86)/atollic/truestudio for stm32 9.3.0/armtools/bin/../lib/gcc/arm-atollic-eabi/6.3.1/armv7e-m/fpu/crti.o
                0x0800a21c                _init
 .init          0x0800a220        0x8 c:/program files (x86)/atollic/truestudio for stm32 9.3.0/armtools/bin/../lib/gcc/arm-atollic-eabi/6.3.1/armv7e-m/fpu/crtn.o
 *(.fini)
 .fini          0x0800a228        0x4 c:/program files (x86)/atollic/truestudio for stm32 9.3.0/armtools/bin/../lib/gcc/arm-atollic-eabi/6.3.1/armv7e-m/fpu/crti.o
                0x0800a228                _fini
 .fini          0x0800a22c        0x8 c:/program files (x86)/atollic/truestudio for stm32 9.3.0/armtools/bin/../lib/gcc/arm-atollic-eabi/6.3.1/armv7e-m/fpu/crtn.o
                0x0800a234                . = ALIGN (0x4)
                0x0800a234                _etext = .

.vfp11_veneer   0x0800a234        0x0
 .vfp11_veneer  0x0800a234        0x0 linker stubs

.v4_bx          0x0800a234        0x0
 .v4_bx         0x0800a234        0x0 linker stubs

.iplt           0x0800a234        0x0
 .iplt          0x0800a234        0x0 c:/program files (x86)/atollic/truestudio for stm32 9.3.0/armtools/bin/../lib/gcc/arm-atollic-eabi/6.3.1/armv7e-m/fpu/crtbegin.o

.rodata         0x0800a234      0xeac
                0x0800a234                . = ALIGN (0x4)
 *(.rodata)
 .rodata        0x0800a234       0x18 src\apl\console.o
 .rodata        0x0800a24c      0x11b src\apl\sound_app.o
 *fill*         0x0800a367        0x1 
 .rodata        0x0800a368      0x193 src\dev\bt_dev.o
 *fill*         0x0800a4fb        0x1 
 .rodata        0x0800a4fc       0xad src\dev\pcm3060.o
 *fill*         0x0800a5a9        0x3 
 .rodata        0x0800a5ac       0x17 src\dev\w25q20ew.o
 *fill*         0x0800a5c3        0x1 
 .rodata        0x0800a5c4        0x5 src\main.o
 *fill*         0x0800a5c9        0x3 
 .rodata        0x0800a5cc        0x9 src\mng\cyc.o
 *fill*         0x0800a5d5        0x3 
 .rodata        0x0800a5d8       0x1e src\mng\wav.o
 *fill*         0x0800a5f6        0x2 
 .rodata        0x0800a5f8       0x1f src\os\kozos.o
 *fill*         0x0800a617        0x1 
 .rodata        0x0800a618        0x2 src\tiny_printf.o
 *(.rodata*)
 *fill*         0x0800a61a        0x2 
 .rodata.beep_0kHz_1ms
                0x0800a61c       0x40 src\apl\sound_app.o
 .rodata.beep_1kHz_1ms
                0x0800a65c       0x40 src\apl\sound_app.o
 .rodata.sound_app_expected_info
                0x0800a69c       0x10 src\apl\sound_app.o
 .rodata.fsm    0x0800a6ac       0x60 src\apl\sound_app.o
 .rodata.baudrate_str
                0x0800a70c       0x48 src\dev\bt_dev.o
 .rodata.fsm    0x0800a754       0xa0 src\dev\bt_dev.o
 .rodata.fs_conv_tbl
                0x0800a7f4       0x18 src\dev\pcm3060.o
 .rodata.sai_open_par
                0x0800a80c       0x10 src\dev\pcm3060.o
 .rodata.pcm3060_setting
                0x0800a81c       0x30 src\dev\pcm3060.o
 .rodata.i2c_open_par
                0x0800a84c        0x1 src\dev\pcm3060.o
 *fill*         0x0800a84d        0x3 
 .rodata.cmd_config_tbl
                0x0800a850      0x348 src\dev\w25q20ew.o
 .rodata.open_par
                0x0800ab98       0x14 src\dev\w25q20ew.o
 .rodata.dma_cfg
                0x0800abac       0x54 src\drv\dma.o
 .rodata.dma_resource_cnv_tbl
                0x0800ac00       0x10 src\drv\dma.o
 .rodata.i2c_cfg_tbl
                0x0800ac10       0x38 src\drv\i2c_wrapper.o
 .rodata.i2c_bps_conv_tbl
                0x0800ac48        0x8 src\drv\i2c_wrapper.o
 .rodata.octspi_cfg
                0x0800ac50       0x30 src\drv\octspi.o
 .rodata.sai_cfg
                0x0800ac80       0x14 src\drv\sai.o
 .rodata.sai_protcol
                0x0800ac94       0x18 src\drv\sai.o
 .rodata.sai_conv_data_width
                0x0800acac       0x18 src\drv\sai.o
 .rodata.sai_conv_ds_reg
                0x0800acc4       0x18 src\drv\sai.o
 .rodata.sai_conv_bick
                0x0800acdc        0xc src\drv\sai.o
 .rodata.sai_dma_info
                0x0800ace8        0x8 src\drv\sai.o
 .rodata.usart_cfg
                0x0800acf0       0x30 src\drv\usart.o
 .rodata.fls_mng_func_tbl
                0x0800ad20       0x1c src\mng\flash_mng.o
 .rodata.wav_ch_info
                0x0800ad3c        0x4 src\mng\wav.o
 .rodata.wav_sample_rate_info
                0x0800ad40        0xc src\mng\wav.o
 .rodata.wave_bps_info
                0x0800ad4c        0x4 src\mng\wav.o
 .rodata.pin_func
                0x0800ad50      0x348 src\pin_function.o
 .rodata.AHBPrescTable
                0x0800b098       0x10 src\system_stm32l4xx.o
                0x0800b098                AHBPrescTable
 .rodata.APBPrescTable
                0x0800b0a8        0x8 src\system_stm32l4xx.o
                0x0800b0a8                APBPrescTable
 .rodata.MSIRangeTable
                0x0800b0b0       0x30 src\system_stm32l4xx.o
                0x0800b0b0                MSIRangeTable
                0x0800b0e0                . = ALIGN (0x4)

.rel.dyn        0x0800b0e0        0x0
 .rel.iplt      0x0800b0e0        0x0 c:/program files (x86)/atollic/truestudio for stm32 9.3.0/armtools/bin/../lib/gcc/arm-atollic-eabi/6.3.1/armv7e-m/fpu/crtbegin.o

.ARM.extab
 *(.ARM.extab* .gnu.linkonce.armextab.*)

.ARM            0x0800b0e0        0x0
                0x0800b0e0                __exidx_start = .
 *(.ARM.exidx*)
                0x0800b0e0                __exidx_end = .

.preinit_array  0x0800b0e0        0x0
                0x0800b0e0                PROVIDE (__preinit_array_start, .)
 *(.preinit_array*)
                0x0800b0e0                PROVIDE (__preinit_array_end, .)

.init_array     0x0800b0e0        0x4
                0x0800b0e0                PROVIDE (__init_array_start, .)
 *(SORT(.init_array.*))
 *(.init_array*)
 .init_array    0x0800b0e0        0x4 c:/program files (x86)/atollic/truestudio for stm32 9.3.0/armtools/bin/../lib/gcc/arm-atollic-eabi/6.3.1/armv7e-m/fpu/crtbegin.o
                0x0800b0e4                PROVIDE (__init_array_end, .)

.fini_array     0x0800b0e4        0x4
                [!provide]                PROVIDE (__fini_array_start, .)
 *(SORT(.fini_array.*))
 *(.fini_array*)
 .fini_array    0x0800b0e4        0x4 c:/program files (x86)/atollic/truestudio for stm32 9.3.0/armtools/bin/../lib/gcc/arm-atollic-eabi/6.3.1/armv7e-m/fpu/crtbegin.o
                [!provide]                PROVIDE (__fini_array_end, .)
                0x0800b0e8                _sidata = LOADADDR (.data)

._os_stack      0x20000000     0x8000
                0x20000000                . = ALIGN (0x4)
                0x20000000                _task_stack_start = .
                0x20008000                . = (. + _OS_STACK_SIZE)
 *fill*         0x20000000     0x8000 
                0x20008000                _task_stack_end = .

._system_pool   0x20008000     0x8000
                0x20008000                . = ALIGN (0x4)
                0x20008000                _system_pool_start = .
                0x20010000                . = (. + _OS_SYSTEM_POOL_SIZE)
 *fill*         0x20008000     0x8000 
                0x20010000                _system_pool_end = .
                0x0800b0e8                _siram2 = LOADADDR (.ram2)

.ram2           0x10000000        0x0 load address 0x0800b0e8
                0x10000000                . = ALIGN (0x4)
                0x10000000                _sram2 = .
 *(.ram2)
 *(.ram2*)
                0x10000000                . = ALIGN (0x4)
                0x10000000                _eram2 = .

.data           0x20040000       0x68 load address 0x0800b0e8
                0x20040000                . = ALIGN (0x4)
                0x20040000                _sdata = .
 *(.data)
 *(.data*)
 .data.beep_data
                0x20040000        0x8 src\apl\sound_app.o
 .data.snd_func
                0x20040008       0x18 src\dev\bt_dev.o
 .data.thread_stack.13849
                0x20040020        0x4 src\os\kozos.o
 .data.pool     0x20040024       0x3c src\os\memory.o
 .data.area.13761
                0x20040060        0x4 src\os\memory.o
 .data.SystemCoreClock
                0x20040064        0x4 src\system_stm32l4xx.o
                0x20040064                SystemCoreClock
                0x20040068                . = ALIGN (0x4)
                0x20040068                _edata = .

.igot.plt       0x20040068        0x0 load address 0x0800b150
 .igot.plt      0x20040068        0x0 c:/program files (x86)/atollic/truestudio for stm32 9.3.0/armtools/bin/../lib/gcc/arm-atollic-eabi/6.3.1/armv7e-m/fpu/crtbegin.o
                0x20040068                . = ALIGN (0x4)

.bss            0x20040068    0x41130 load address 0x0800b150
                0x20040068                _sbss = .
                0x20040068                __bss_start__ = _sbss
 *(.bss)
 .bss           0x20040068       0x1c c:/program files (x86)/atollic/truestudio for stm32 9.3.0/armtools/bin/../lib/gcc/arm-atollic-eabi/6.3.1/armv7e-m/fpu/crtbegin.o
 *(.bss*)
 .bss.console_ctl
                0x20040084      0x18c src\apl\console.o
 .bss.sound_app_ctl
                0x20040210    0x2ee30 src\apl\sound_app.o
 .bss.bt_ctl    0x2006f040      0x228 src\dev\bt_dev.o
 .bss.pcm3060_ctl
                0x2006f268        0xc src\dev\pcm3060.o
 .bss.send_cmp_flag
                0x2006f274        0x1 src\dev\pcm3060.o
 .bss.read_cmp_flag
                0x2006f275        0x1 src\dev\pcm3060.o
 .bss.err_flag  0x2006f276        0x1 src\dev\pcm3060.o
 *fill*         0x2006f277        0x1 
 .bss.w25q20ew_ctl
                0x2006f278        0xc src\dev\w25q20ew.o
 .bss.dma_ctl   0x2006f284       0x54 src\drv\dma.o
 .bss.i2c_ctl   0x2006f2d8      0x128 src\drv\i2c_wrapper.o
 .bss.octspi_ctl
                0x2006f400       0x20 src\drv\octspi.o
 .bss.sai_ctl   0x2006f420    0x10020 src\drv\sai.o
 .bss.usart_ctl
                0x2007f440     0x1058 src\drv\usart.o
 .bss.dbg_int_info
                0x20080498      0x334 src\misc\debug.o
 .bss.dbg_tsk_info
                0x200807cc      0x148 src\misc\debug.o
 .bss.dbg_dispatch_tsk_info
                0x20080914      0x148 src\misc\debug.o
 .bss.cycmsg_que
                0x20080a5c        0x8 src\mng\cyc.o
 .bss.cyc_ctl   0x20080a64        0x8 src\mng\cyc.o
 .bss.fls_mng_ctl
                0x20080a6c        0x4 src\mng\flash_mng.o
 .bss.wav_ctl   0x20080a70       0x64 src\mng\wav.o
 .bss.current   0x20080ad4        0x4 src\os\kozos.o
 .bss.threads   0x20080ad8      0x3fc src\os\kozos.o
 .bss.handlers  0x20080ed4      0x1b8 src\os\kozos.o
 .bss.msgboxes  0x2008108c       0x70 src\os\kozos.o
 .bss.mng_time  0x200810fc        0x8 src\os\kozos.o
 .bss.readyque  0x20081104       0x80 src\os\kozos.o
 .bss.timque    0x20081184        0x8 src\os\kozos.o
 .bss.init_dispatch.13850
                0x2008118c        0x4 src\os\kozos.o
 *(COMMON)
 COMMON         0x20081190        0x4 Drivers\STM32L4xx_HAL_Driver\Src\stm32l4xx_hal.o
                0x20081190                uwTick
 COMMON         0x20081194        0x4 c:/program files (x86)/atollic/truestudio for stm32 9.3.0/armtools/bin/../lib/gcc/arm-atollic-eabi/6.3.1/../../../../arm-atollic-eabi/lib/armv7e-m/fpu\libnosys.a(errno.o)
                0x20081194                errno
                0x20081198                . = ALIGN (0x4)
                0x20081198                _ebss = .
                0x20081198                __bss_end__ = _ebss

.memory_b1_text
 *(.mb1text)
 *(.mb1text*)
 *(.mb1rodata)
 *(.mb1rodata*)

/DISCARD/
 libc.a(*)
 libm.a(*)
 libgcc.a(*)

.ARM.attributes
                0x00000000       0x30
 *(.ARM.attributes)
 .ARM.attributes
                0x00000000       0x22 c:/program files (x86)/atollic/truestudio for stm32 9.3.0/armtools/bin/../lib/gcc/arm-atollic-eabi/6.3.1/armv7e-m/fpu/crti.o
 .ARM.attributes
                0x00000022       0x34 c:/program files (x86)/atollic/truestudio for stm32 9.3.0/armtools/bin/../lib/gcc/arm-atollic-eabi/6.3.1/armv7e-m/fpu/crtbegin.o
 .ARM.attributes
                0x00000056       0x39 Drivers\STM32L4xx_HAL_Driver\Src\stm32l4xx_hal.o
 .ARM.attributes
                0x0000008f       0x39 Drivers\STM32L4xx_HAL_Driver\Src\stm32l4xx_hal_cortex.o
 .ARM.attributes
                0x000000c8       0x39 Drivers\STM32L4xx_HAL_Driver\Src\stm32l4xx_hal_dma.o
 .ARM.attributes
                0x00000101       0x39 Drivers\STM32L4xx_HAL_Driver\Src\stm32l4xx_hal_gpio.o
 .ARM.attributes
                0x0000013a       0x39 Drivers\STM32L4xx_HAL_Driver\Src\stm32l4xx_hal_i2c.o
 .ARM.attributes
                0x00000173       0x39 Drivers\STM32L4xx_HAL_Driver\Src\stm32l4xx_hal_i2c_ex.o
 .ARM.attributes
                0x000001ac       0x39 Drivers\STM32L4xx_HAL_Driver\Src\stm32l4xx_hal_pwr_ex.o
 .ARM.attributes
                0x000001e5       0x39 Drivers\STM32L4xx_HAL_Driver\Src\stm32l4xx_hal_rcc.o
 .ARM.attributes
                0x0000021e       0x39 Drivers\STM32L4xx_HAL_Driver\Src\stm32l4xx_hal_rcc_ex.o
 .ARM.attributes
                0x00000257       0x39 src\apl\console.o
 .ARM.attributes
                0x00000290       0x39 src\apl\sound_app.o
 .ARM.attributes
                0x000002c9       0x39 src\clock.o
 .ARM.attributes
                0x00000302       0x39 src\dev\bt_dev.o
 .ARM.attributes
                0x0000033b       0x39 src\dev\pcm3060.o
 .ARM.attributes
                0x00000374       0x39 src\dev\w25q20ew.o
 .ARM.attributes
                0x000003ad       0x39 src\drv\dma.o
 .ARM.attributes
                0x000003e6       0x39 src\drv\i2c_wrapper.o
 .ARM.attributes
                0x0000041f       0x39 src\drv\octspi.o
 .ARM.attributes
                0x00000458       0x39 src\drv\sai.o
 .ARM.attributes
                0x00000491       0x39 src\drv\usart.o
 .ARM.attributes
                0x000004ca       0x39 src\main.o
 .ARM.attributes
                0x00000503       0x39 src\misc\debug.o
 .ARM.attributes
                0x0000053c       0x21 src\misc\util.o
 .ARM.attributes
                0x0000055d       0x39 src\mng\cyc.o
 .ARM.attributes
                0x00000596       0x39 src\mng\flash_mng.o
 .ARM.attributes
                0x000005cf       0x39 src\mng\wav.o
 .ARM.attributes
                0x00000608       0x21 src\os\dispatch.o
 .ARM.attributes
                0x00000629       0x21 src\os\intr.o
 .ARM.attributes
                0x0000064a       0x39 src\os\kozos.o
 .ARM.attributes
                0x00000683       0x39 src\os\memory.o
 .ARM.attributes
                0x000006bc       0x39 src\os\syscall.o
 .ARM.attributes
                0x000006f5       0x39 src\pin_function.o
 .ARM.attributes
                0x0000072e       0x21 src\startup_stm32l4r5xx.o
 .ARM.attributes
                0x0000074f       0x39 src\system_stm32l4xx.o
 .ARM.attributes
                0x00000788       0x39 src\tiny_printf.o
 .ARM.attributes
                0x000007c1       0x34 c:/program files (x86)/atollic/truestudio for stm32 9.3.0/armtools/bin/../lib/gcc/arm-atollic-eabi/6.3.1/../../../../arm-atollic-eabi/lib/armv7e-m/fpu\libc_nano.a(lib_a-init.o)
 .ARM.attributes
                0x000007f5       0x34 c:/program files (x86)/atollic/truestudio for stm32 9.3.0/armtools/bin/../lib/gcc/arm-atollic-eabi/6.3.1/../../../../arm-atollic-eabi/lib/armv7e-m/fpu\libc_nano.a(lib_a-memcmp.o)
 .ARM.attributes
                0x00000829       0x34 c:/program files (x86)/atollic/truestudio for stm32 9.3.0/armtools/bin/../lib/gcc/arm-atollic-eabi/6.3.1/../../../../arm-atollic-eabi/lib/armv7e-m/fpu\libc_nano.a(lib_a-memcpy-stub.o)
 .ARM.attributes
                0x0000085d       0x34 c:/program files (x86)/atollic/truestudio for stm32 9.3.0/armtools/bin/../lib/gcc/arm-atollic-eabi/6.3.1/../../../../arm-atollic-eabi/lib/armv7e-m/fpu\libc_nano.a(lib_a-memset.o)
 .ARM.attributes
                0x00000891       0x20 c:/program files (x86)/atollic/truestudio for stm32 9.3.0/armtools/bin/../lib/gcc/arm-atollic-eabi/6.3.1/../../../../arm-atollic-eabi/lib/armv7e-m/fpu\libc_nano.a(lib_a-strcmp.o)
 .ARM.attributes
                0x000008b1       0x34 c:/program files (x86)/atollic/truestudio for stm32 9.3.0/armtools/bin/../lib/gcc/arm-atollic-eabi/6.3.1/../../../../arm-atollic-eabi/lib/armv7e-m/fpu\libc_nano.a(lib_a-strcpy.o)
 .ARM.attributes
                0x000008e5       0x1b c:/program files (x86)/atollic/truestudio for stm32 9.3.0/armtools/bin/../lib/gcc/arm-atollic-eabi/6.3.1/../../../../arm-atollic-eabi/lib/armv7e-m/fpu\libc_nano.a(lib_a-strlen.o)
 .ARM.attributes
                0x00000900       0x34 c:/program files (x86)/atollic/truestudio for stm32 9.3.0/armtools/bin/../lib/gcc/arm-atollic-eabi/6.3.1/../../../../arm-atollic-eabi/lib/armv7e-m/fpu\libnosys.a(write.o)
 .ARM.attributes
                0x00000934       0x34 c:/program files (x86)/atollic/truestudio for stm32 9.3.0/armtools/bin/../lib/gcc/arm-atollic-eabi/6.3.1/../../../../arm-atollic-eabi/lib/armv7e-m/fpu\libnosys.a(errno.o)
 .ARM.attributes
                0x00000968       0x22 c:/program files (x86)/atollic/truestudio for stm32 9.3.0/armtools/bin/../lib/gcc/arm-atollic-eabi/6.3.1/armv7e-m/fpu/crtn.o
OUTPUT(System.elf elf32-littlearm)

.debug_info     0x00000000    0x1c088
 .debug_info    0x00000000      0xcb2 Drivers\STM32L4xx_HAL_Driver\Src\stm32l4xx_hal.o
 .debug_info    0x00000cb2      0xfb7 Drivers\STM32L4xx_HAL_Driver\Src\stm32l4xx_hal_cortex.o
 .debug_info    0x00001c69      0xa76 Drivers\STM32L4xx_HAL_Driver\Src\stm32l4xx_hal_dma.o
 .debug_info    0x000026df      0xa18 Drivers\STM32L4xx_HAL_Driver\Src\stm32l4xx_hal_gpio.o
 .debug_info    0x000030f7     0x2575 Drivers\STM32L4xx_HAL_Driver\Src\stm32l4xx_hal_i2c.o
 .debug_info    0x0000566c      0xdae Drivers\STM32L4xx_HAL_Driver\Src\stm32l4xx_hal_i2c_ex.o
 .debug_info    0x0000641a      0xceb Drivers\STM32L4xx_HAL_Driver\Src\stm32l4xx_hal_pwr_ex.o
 .debug_info    0x00007105      0xe94 Drivers\STM32L4xx_HAL_Driver\Src\stm32l4xx_hal_rcc.o
 .debug_info    0x00007f99     0x1290 Drivers\STM32L4xx_HAL_Driver\Src\stm32l4xx_hal_rcc_ex.o
 .debug_info    0x00009229      0x7b3 src\apl\console.o
 .debug_info    0x000099dc     0x12ef src\apl\sound_app.o
 .debug_info    0x0000accb      0xc06 src\clock.o
 .debug_info    0x0000b8d1     0x17fb src\dev\bt_dev.o
 .debug_info    0x0000d0cc      0xb90 src\dev\pcm3060.o
 .debug_info    0x0000dc5c     0x10b6 src\dev\w25q20ew.o
 .debug_info    0x0000ed12     0x1369 src\drv\dma.o
 .debug_info    0x0001007b     0x18f2 src\drv\i2c_wrapper.o
 .debug_info    0x0001196d     0x1bde src\drv\octspi.o
 .debug_info    0x0001354b     0x17a4 src\drv\sai.o
 .debug_info    0x00014cef     0x135b src\drv\usart.o
 .debug_info    0x0001604a      0x402 src\main.o
 .debug_info    0x0001644c      0x859 src\misc\debug.o
 .debug_info    0x00016ca5       0x7e src\misc\util.o
 .debug_info    0x00016d23      0x53d src\mng\cyc.o
 .debug_info    0x00017260      0x621 src\mng\flash_mng.o
 .debug_info    0x00017881      0x792 src\mng\wav.o
 .debug_info    0x00018013       0x7c src\os\dispatch.o
 .debug_info    0x0001808f       0x7c src\os\intr.o
 .debug_info    0x0001810b     0x1623 src\os\kozos.o
 .debug_info    0x0001972e      0x4cf src\os\memory.o
 .debug_info    0x00019bfd      0xafe src\os\syscall.o
 .debug_info    0x0001a6fb      0x4a1 src\pin_function.o
 .debug_info    0x0001ab9c       0x84 src\startup_stm32l4r5xx.o
 .debug_info    0x0001ac20      0x7f0 src\system_stm32l4xx.o
 .debug_info    0x0001b410      0xc78 src\tiny_printf.o

.debug_abbrev   0x00000000     0x431d
 .debug_abbrev  0x00000000      0x1f6 Drivers\STM32L4xx_HAL_Driver\Src\stm32l4xx_hal.o
 .debug_abbrev  0x000001f6      0x2da Drivers\STM32L4xx_HAL_Driver\Src\stm32l4xx_hal_cortex.o
 .debug_abbrev  0x000004d0      0x1d4 Drivers\STM32L4xx_HAL_Driver\Src\stm32l4xx_hal_dma.o
 .debug_abbrev  0x000006a4      0x1bb Drivers\STM32L4xx_HAL_Driver\Src\stm32l4xx_hal_gpio.o
 .debug_abbrev  0x0000085f      0x234 Drivers\STM32L4xx_HAL_Driver\Src\stm32l4xx_hal_i2c.o
 .debug_abbrev  0x00000a93      0x1b4 Drivers\STM32L4xx_HAL_Driver\Src\stm32l4xx_hal_i2c_ex.o
 .debug_abbrev  0x00000c47      0x1e4 Drivers\STM32L4xx_HAL_Driver\Src\stm32l4xx_hal_pwr_ex.o
 .debug_abbrev  0x00000e2b      0x283 Drivers\STM32L4xx_HAL_Driver\Src\stm32l4xx_hal_rcc.o
 .debug_abbrev  0x000010ae      0x233 Drivers\STM32L4xx_HAL_Driver\Src\stm32l4xx_hal_rcc_ex.o
 .debug_abbrev  0x000012e1      0x1f8 src\apl\console.o
 .debug_abbrev  0x000014d9      0x2d2 src\apl\sound_app.o
 .debug_abbrev  0x000017ab      0x161 src\clock.o
 .debug_abbrev  0x0000190c      0x34e src\dev\bt_dev.o
 .debug_abbrev  0x00001c5a      0x28d src\dev\pcm3060.o
 .debug_abbrev  0x00001ee7      0x286 src\dev\w25q20ew.o
 .debug_abbrev  0x0000216d      0x29e src\drv\dma.o
 .debug_abbrev  0x0000240b      0x24c src\drv\i2c_wrapper.o
 .debug_abbrev  0x00002657      0x2bd src\drv\octspi.o
 .debug_abbrev  0x00002914      0x2ce src\drv\sai.o
 .debug_abbrev  0x00002be2      0x2c3 src\drv\usart.o
 .debug_abbrev  0x00002ea5      0x173 src\main.o
 .debug_abbrev  0x00003018      0x1c2 src\misc\debug.o
 .debug_abbrev  0x000031da       0x14 src\misc\util.o
 .debug_abbrev  0x000031ee      0x191 src\mng\cyc.o
 .debug_abbrev  0x0000337f      0x18b src\mng\flash_mng.o
 .debug_abbrev  0x0000350a      0x207 src\mng\wav.o
 .debug_abbrev  0x00003711       0x12 src\os\dispatch.o
 .debug_abbrev  0x00003723       0x14 src\os\intr.o
 .debug_abbrev  0x00003737      0x3b1 src\os\kozos.o
 .debug_abbrev  0x00003ae8      0x167 src\os\memory.o
 .debug_abbrev  0x00003c4f      0x1b1 src\os\syscall.o
 .debug_abbrev  0x00003e00      0x133 src\pin_function.o
 .debug_abbrev  0x00003f33       0x12 src\startup_stm32l4r5xx.o
 .debug_abbrev  0x00003f45      0x176 src\system_stm32l4xx.o
 .debug_abbrev  0x000040bb      0x262 src\tiny_printf.o

.debug_aranges  0x00000000     0x1350
 .debug_aranges
                0x00000000      0x130 Drivers\STM32L4xx_HAL_Driver\Src\stm32l4xx_hal.o
 .debug_aranges
                0x00000130      0x118 Drivers\STM32L4xx_HAL_Driver\Src\stm32l4xx_hal_cortex.o
 .debug_aranges
                0x00000248       0x90 Drivers\STM32L4xx_HAL_Driver\Src\stm32l4xx_hal_dma.o
 .debug_aranges
                0x000002d8       0x58 Drivers\STM32L4xx_HAL_Driver\Src\stm32l4xx_hal_gpio.o
 .debug_aranges
                0x00000330      0x2c0 Drivers\STM32L4xx_HAL_Driver\Src\stm32l4xx_hal_i2c.o
 .debug_aranges
                0x000005f0       0x48 Drivers\STM32L4xx_HAL_Driver\Src\stm32l4xx_hal_i2c_ex.o
 .debug_aranges
                0x00000638      0x170 Drivers\STM32L4xx_HAL_Driver\Src\stm32l4xx_hal_pwr_ex.o
 .debug_aranges
                0x000007a8       0x98 Drivers\STM32L4xx_HAL_Driver\Src\stm32l4xx_hal_rcc.o
 .debug_aranges
                0x00000840      0x110 Drivers\STM32L4xx_HAL_Driver\Src\stm32l4xx_hal_rcc_ex.o
 .debug_aranges
                0x00000950       0x68 src\apl\console.o
 .debug_aranges
                0x000009b8       0xa0 src\apl\sound_app.o
 .debug_aranges
                0x00000a58       0x30 src\clock.o
 .debug_aranges
                0x00000a88       0xf8 src\dev\bt_dev.o
 .debug_aranges
                0x00000b80       0x88 src\dev\pcm3060.o
 .debug_aranges
                0x00000c08       0x70 src\dev\w25q20ew.o
 .debug_aranges
                0x00000c78       0x78 src\drv\dma.o
 .debug_aranges
                0x00000cf0       0x78 src\drv\i2c_wrapper.o
 .debug_aranges
                0x00000d68       0x88 src\drv\octspi.o
 .debug_aranges
                0x00000df0       0x68 src\drv\sai.o
 .debug_aranges
                0x00000e58       0x70 src\drv\usart.o
 .debug_aranges
                0x00000ec8       0x30 src\main.o
 .debug_aranges
                0x00000ef8       0x38 src\misc\debug.o
 .debug_aranges
                0x00000f30       0x20 src\misc\util.o
 .debug_aranges
                0x00000f50       0x38 src\mng\cyc.o
 .debug_aranges
                0x00000f88       0x40 src\mng\flash_mng.o
 .debug_aranges
                0x00000fc8       0x40 src\mng\wav.o
 .debug_aranges
                0x00001008       0x28 src\os\dispatch.o
 .debug_aranges
                0x00001030       0x20 src\os\intr.o
 .debug_aranges
                0x00001050      0x140 src\os\kozos.o
 .debug_aranges
                0x00001190       0x38 src\os\memory.o
 .debug_aranges
                0x000011c8       0xa8 src\os\syscall.o
 .debug_aranges
                0x00001270       0x20 src\pin_function.o
 .debug_aranges
                0x00001290       0x28 src\startup_stm32l4r5xx.o
 .debug_aranges
                0x000012b8       0x38 src\system_stm32l4xx.o
 .debug_aranges
                0x000012f0       0x60 src\tiny_printf.o

.debug_ranges   0x00000000     0x1110
 .debug_ranges  0x00000000      0x120 Drivers\STM32L4xx_HAL_Driver\Src\stm32l4xx_hal.o
 .debug_ranges  0x00000120      0x108 Drivers\STM32L4xx_HAL_Driver\Src\stm32l4xx_hal_cortex.o
 .debug_ranges  0x00000228       0x80 Drivers\STM32L4xx_HAL_Driver\Src\stm32l4xx_hal_dma.o
 .debug_ranges  0x000002a8       0x48 Drivers\STM32L4xx_HAL_Driver\Src\stm32l4xx_hal_gpio.o
 .debug_ranges  0x000002f0      0x2b0 Drivers\STM32L4xx_HAL_Driver\Src\stm32l4xx_hal_i2c.o
 .debug_ranges  0x000005a0       0x38 Drivers\STM32L4xx_HAL_Driver\Src\stm32l4xx_hal_i2c_ex.o
 .debug_ranges  0x000005d8      0x160 Drivers\STM32L4xx_HAL_Driver\Src\stm32l4xx_hal_pwr_ex.o
 .debug_ranges  0x00000738       0x88 Drivers\STM32L4xx_HAL_Driver\Src\stm32l4xx_hal_rcc.o
 .debug_ranges  0x000007c0      0x100 Drivers\STM32L4xx_HAL_Driver\Src\stm32l4xx_hal_rcc_ex.o
 .debug_ranges  0x000008c0       0x58 src\apl\console.o
 .debug_ranges  0x00000918       0x90 src\apl\sound_app.o
 .debug_ranges  0x000009a8       0x20 src\clock.o
 .debug_ranges  0x000009c8       0xe8 src\dev\bt_dev.o
 .debug_ranges  0x00000ab0       0x78 src\dev\pcm3060.o
 .debug_ranges  0x00000b28       0x60 src\dev\w25q20ew.o
 .debug_ranges  0x00000b88       0x68 src\drv\dma.o
 .debug_ranges  0x00000bf0       0x68 src\drv\i2c_wrapper.o
 .debug_ranges  0x00000c58       0x78 src\drv\octspi.o
 .debug_ranges  0x00000cd0       0x58 src\drv\sai.o
 .debug_ranges  0x00000d28       0x60 src\drv\usart.o
 .debug_ranges  0x00000d88       0x20 src\main.o
 .debug_ranges  0x00000da8       0x28 src\misc\debug.o
 .debug_ranges  0x00000dd0       0x28 src\mng\cyc.o
 .debug_ranges  0x00000df8       0x30 src\mng\flash_mng.o
 .debug_ranges  0x00000e28       0x30 src\mng\wav.o
 .debug_ranges  0x00000e58       0x20 src\os\dispatch.o
 .debug_ranges  0x00000e78      0x130 src\os\kozos.o
 .debug_ranges  0x00000fa8       0x28 src\os\memory.o
 .debug_ranges  0x00000fd0       0x98 src\os\syscall.o
 .debug_ranges  0x00001068       0x10 src\pin_function.o
 .debug_ranges  0x00001078       0x20 src\startup_stm32l4r5xx.o
 .debug_ranges  0x00001098       0x28 src\system_stm32l4xx.o
 .debug_ranges  0x000010c0       0x50 src\tiny_printf.o

.debug_line     0x00000000     0x9c0b
 .debug_line    0x00000000      0x4de Drivers\STM32L4xx_HAL_Driver\Src\stm32l4xx_hal.o
 .debug_line    0x000004de      0x586 Drivers\STM32L4xx_HAL_Driver\Src\stm32l4xx_hal_cortex.o
 .debug_line    0x00000a64      0x4cd Drivers\STM32L4xx_HAL_Driver\Src\stm32l4xx_hal_dma.o
 .debug_line    0x00000f31      0x410 Drivers\STM32L4xx_HAL_Driver\Src\stm32l4xx_hal_gpio.o
 .debug_line    0x00001341     0x190f Drivers\STM32L4xx_HAL_Driver\Src\stm32l4xx_hal_i2c.o
 .debug_line    0x00002c50      0x3af Drivers\STM32L4xx_HAL_Driver\Src\stm32l4xx_hal_i2c_ex.o
 .debug_line    0x00002fff      0x6b2 Drivers\STM32L4xx_HAL_Driver\Src\stm32l4xx_hal_pwr_ex.o
 .debug_line    0x000036b1      0x616 Drivers\STM32L4xx_HAL_Driver\Src\stm32l4xx_hal_rcc.o
 .debug_line    0x00003cc7      0xa66 Drivers\STM32L4xx_HAL_Driver\Src\stm32l4xx_hal_rcc_ex.o
 .debug_line    0x0000472d      0x3ae src\apl\console.o
 .debug_line    0x00004adb      0x4d3 src\apl\sound_app.o
 .debug_line    0x00004fae      0x2c1 src\clock.o
 .debug_line    0x0000526f      0x5f2 src\dev\bt_dev.o
 .debug_line    0x00005861      0x440 src\dev\pcm3060.o
 .debug_line    0x00005ca1      0x3ee src\dev\w25q20ew.o
 .debug_line    0x0000608f      0x43d src\drv\dma.o
 .debug_line    0x000064cc      0x515 src\drv\i2c_wrapper.o
 .debug_line    0x000069e1      0x4be src\drv\octspi.o
 .debug_line    0x00006e9f      0x4a3 src\drv\sai.o
 .debug_line    0x00007342      0x47c src\drv\usart.o
 .debug_line    0x000077be      0x27a src\main.o
 .debug_line    0x00007a38      0x2ad src\misc\debug.o
 .debug_line    0x00007ce5       0x46 src\misc\util.o
 .debug_line    0x00007d2b      0x2ad src\mng\cyc.o
 .debug_line    0x00007fd8      0x2bd src\mng\flash_mng.o
 .debug_line    0x00008295      0x325 src\mng\wav.o
 .debug_line    0x000085ba       0x63 src\os\dispatch.o
 .debug_line    0x0000861d       0x44 src\os\intr.o
 .debug_line    0x00008661      0x62e src\os\kozos.o
 .debug_line    0x00008c8f      0x2cc src\os\memory.o
 .debug_line    0x00008f5b      0x44d src\os\syscall.o
 .debug_line    0x000093a8      0x269 src\pin_function.o
 .debug_line    0x00009611       0x7b src\startup_stm32l4r5xx.o
 .debug_line    0x0000968c      0x2c0 src\system_stm32l4xx.o
 .debug_line    0x0000994c      0x2bf src\tiny_printf.o

.debug_str      0x00000000     0x69ee
 .debug_str     0x00000000      0xe92 Drivers\STM32L4xx_HAL_Driver\Src\stm32l4xx_hal.o
                                0xf43 (size before relaxing)
 .debug_str     0x00000e92      0x3fa Drivers\STM32L4xx_HAL_Driver\Src\stm32l4xx_hal_cortex.o
                                0xef1 (size before relaxing)
 .debug_str     0x0000128c      0x51b Drivers\STM32L4xx_HAL_Driver\Src\stm32l4xx_hal_dma.o
                                0xa0c (size before relaxing)
 .debug_str     0x000017a7      0x1ca Drivers\STM32L4xx_HAL_Driver\Src\stm32l4xx_hal_gpio.o
                                0x81b (size before relaxing)
 .debug_str     0x00001971      0xd6d Drivers\STM32L4xx_HAL_Driver\Src\stm32l4xx_hal_i2c.o
                               0x15e1 (size before relaxing)
 .debug_str     0x000026de       0xf3 Drivers\STM32L4xx_HAL_Driver\Src\stm32l4xx_hal_i2c_ex.o
                                0xd7a (size before relaxing)
 .debug_str     0x000027d1      0x5fa Drivers\STM32L4xx_HAL_Driver\Src\stm32l4xx_hal_pwr_ex.o
                                0xb61 (size before relaxing)
 .debug_str     0x00002dcb      0x3f1 Drivers\STM32L4xx_HAL_Driver\Src\stm32l4xx_hal_rcc.o
                                0xb0b (size before relaxing)
 .debug_str     0x000031bc      0x79d Drivers\STM32L4xx_HAL_Driver\Src\stm32l4xx_hal_rcc_ex.o
                                0xf6d (size before relaxing)
 .debug_str     0x00003959      0x23e src\apl\console.o
                                0x6bb (size before relaxing)
 .debug_str     0x00003b97      0x6b2 src\apl\sound_app.o
                                0xcc7 (size before relaxing)
 .debug_str     0x00004249       0x45 src\clock.o
                                0xa46 (size before relaxing)
 .debug_str     0x0000428e      0x522 src\dev\bt_dev.o
                                0xfa3 (size before relaxing)
 .debug_str     0x000047b0      0x411 src\dev\pcm3060.o
                                0x946 (size before relaxing)
 .debug_str     0x00004bc1      0x441 src\dev\w25q20ew.o
                                0xd1d (size before relaxing)
 .debug_str     0x00005002      0x348 src\drv\dma.o
                               0x1128 (size before relaxing)
 .debug_str     0x0000534a      0x136 src\drv\i2c_wrapper.o
                               0x1675 (size before relaxing)
 .debug_str     0x00005480      0x634 src\drv\octspi.o
                               0x1789 (size before relaxing)
 .debug_str     0x00005ab4      0x222 src\drv\sai.o
                               0x1347 (size before relaxing)
 .debug_str     0x00005cd6      0x177 src\drv\usart.o
                                0xfe4 (size before relaxing)
 .debug_str     0x00005e4d       0x40 src\main.o
                                0x4ce (size before relaxing)
 .debug_str     0x00005e8d      0x288 src\misc\debug.o
                                0x771 (size before relaxing)
 .debug_str     0x00006115       0x9e src\mng\cyc.o
                                0x568 (size before relaxing)
 .debug_str     0x000061b3      0x121 src\mng\flash_mng.o
                                0x5e5 (size before relaxing)
 .debug_str     0x000062d4      0x197 src\mng\wav.o
                                0x6af (size before relaxing)
 .debug_str     0x0000646b      0x2df src\os\kozos.o
                               0x1093 (size before relaxing)
 .debug_str     0x0000674a       0x76 src\os\memory.o
                                0x509 (size before relaxing)
 .debug_str     0x000067c0       0xdf src\os\syscall.o
                                0x81c (size before relaxing)
 .debug_str     0x0000689f       0x5b src\pin_function.o
                                0x542 (size before relaxing)
 .debug_str     0x000068fa       0x54 src\system_stm32l4xx.o
                                0x69f (size before relaxing)
 .debug_str     0x0000694e       0xa0 src\tiny_printf.o
                                0x695 (size before relaxing)

.comment        0x00000000       0x7c
 .comment       0x00000000       0x7c Drivers\STM32L4xx_HAL_Driver\Src\stm32l4xx_hal.o
                                 0x7d (size before relaxing)
 .comment       0x0000007c       0x7d Drivers\STM32L4xx_HAL_Driver\Src\stm32l4xx_hal_cortex.o
 .comment       0x0000007c       0x7d Drivers\STM32L4xx_HAL_Driver\Src\stm32l4xx_hal_dma.o
 .comment       0x0000007c       0x7d Drivers\STM32L4xx_HAL_Driver\Src\stm32l4xx_hal_gpio.o
 .comment       0x0000007c       0x7d Drivers\STM32L4xx_HAL_Driver\Src\stm32l4xx_hal_i2c.o
 .comment       0x0000007c       0x7d Drivers\STM32L4xx_HAL_Driver\Src\stm32l4xx_hal_i2c_ex.o
 .comment       0x0000007c       0x7d Drivers\STM32L4xx_HAL_Driver\Src\stm32l4xx_hal_pwr_ex.o
 .comment       0x0000007c       0x7d Drivers\STM32L4xx_HAL_Driver\Src\stm32l4xx_hal_rcc.o
 .comment       0x0000007c       0x7d Drivers\STM32L4xx_HAL_Driver\Src\stm32l4xx_hal_rcc_ex.o
 .comment       0x0000007c       0x7d src\apl\console.o
 .comment       0x0000007c       0x7d src\apl\sound_app.o
 .comment       0x0000007c       0x7d src\clock.o
 .comment       0x0000007c       0x7d src\dev\bt_dev.o
 .comment       0x0000007c       0x7d src\dev\pcm3060.o
 .comment       0x0000007c       0x7d src\dev\w25q20ew.o
 .comment       0x0000007c       0x7d src\drv\dma.o
 .comment       0x0000007c       0x7d src\drv\i2c_wrapper.o
 .comment       0x0000007c       0x7d src\drv\octspi.o
 .comment       0x0000007c       0x7d src\drv\sai.o
 .comment       0x0000007c       0x7d src\drv\usart.o
 .comment       0x0000007c       0x7d src\main.o
 .comment       0x0000007c       0x7d src\misc\debug.o
 .comment       0x0000007c       0x7d src\mng\cyc.o
 .comment       0x0000007c       0x7d src\mng\flash_mng.o
 .comment       0x0000007c       0x7d src\mng\wav.o
 .comment       0x0000007c       0x7d src\os\kozos.o
 .comment       0x0000007c       0x7d src\os\memory.o
 .comment       0x0000007c       0x7d src\os\syscall.o
 .comment       0x0000007c       0x7d src\pin_function.o
 .comment       0x0000007c       0x7d src\system_stm32l4xx.o
 .comment       0x0000007c       0x7d src\tiny_printf.o

.debug_frame    0x00000000     0x4a98
 .debug_frame   0x00000000      0x498 Drivers\STM32L4xx_HAL_Driver\Src\stm32l4xx_hal.o
 .debug_frame   0x00000498      0x498 Drivers\STM32L4xx_HAL_Driver\Src\stm32l4xx_hal_cortex.o
 .debug_frame   0x00000930      0x24c Drivers\STM32L4xx_HAL_Driver\Src\stm32l4xx_hal_dma.o
 .debug_frame   0x00000b7c      0x14c Drivers\STM32L4xx_HAL_Driver\Src\stm32l4xx_hal_gpio.o
 .debug_frame   0x00000cc8      0xcd8 Drivers\STM32L4xx_HAL_Driver\Src\stm32l4xx_hal_i2c.o
 .debug_frame   0x000019a0      0x100 Drivers\STM32L4xx_HAL_Driver\Src\stm32l4xx_hal_i2c_ex.o
 .debug_frame   0x00001aa0      0x5c4 Drivers\STM32L4xx_HAL_Driver\Src\stm32l4xx_hal_pwr_ex.o
 .debug_frame   0x00002064      0x248 Drivers\STM32L4xx_HAL_Driver\Src\stm32l4xx_hal_rcc.o
 .debug_frame   0x000022ac      0x464 Drivers\STM32L4xx_HAL_Driver\Src\stm32l4xx_hal_rcc_ex.o
 .debug_frame   0x00002710      0x180 src\apl\console.o
 .debug_frame   0x00002890      0x25c src\apl\sound_app.o
 .debug_frame   0x00002aec       0x74 src\clock.o
 .debug_frame   0x00002b60      0x408 src\dev\bt_dev.o
 .debug_frame   0x00002f68      0x204 src\dev\pcm3060.o
 .debug_frame   0x0000316c      0x1a8 src\dev\w25q20ew.o
 .debug_frame   0x00003314      0x190 src\drv\dma.o
 .debug_frame   0x000034a4      0x1bc src\drv\i2c_wrapper.o
 .debug_frame   0x00003660      0x210 src\drv\octspi.o
 .debug_frame   0x00003870      0x178 src\drv\sai.o
 .debug_frame   0x000039e8      0x194 src\drv\usart.o
 .debug_frame   0x00003b7c       0x74 src\main.o
 .debug_frame   0x00003bf0       0xac src\misc\debug.o
 .debug_frame   0x00003c9c       0xa0 src\mng\cyc.o
 .debug_frame   0x00003d3c       0xc4 src\mng\flash_mng.o
 .debug_frame   0x00003e00       0xc8 src\mng\wav.o
 .debug_frame   0x00003ec8      0x508 src\os\kozos.o
 .debug_frame   0x000043d0       0xa0 src\os\memory.o
 .debug_frame   0x00004470      0x290 src\os\syscall.o
 .debug_frame   0x00004700       0x38 src\pin_function.o
 .debug_frame   0x00004738       0xa8 src\system_stm32l4xx.o
 .debug_frame   0x000047e0      0x1bc src\tiny_printf.o
 .debug_frame   0x0000499c       0x2c c:/program files (x86)/atollic/truestudio for stm32 9.3.0/armtools/bin/../lib/gcc/arm-atollic-eabi/6.3.1/../../../../arm-atollic-eabi/lib/armv7e-m/fpu\libc_nano.a(lib_a-init.o)
 .debug_frame   0x000049c8       0x28 c:/program files (x86)/atollic/truestudio for stm32 9.3.0/armtools/bin/../lib/gcc/arm-atollic-eabi/6.3.1/../../../../arm-atollic-eabi/lib/armv7e-m/fpu\libc_nano.a(lib_a-memcmp.o)
 .debug_frame   0x000049f0       0x28 c:/program files (x86)/atollic/truestudio for stm32 9.3.0/armtools/bin/../lib/gcc/arm-atollic-eabi/6.3.1/../../../../arm-atollic-eabi/lib/armv7e-m/fpu\libc_nano.a(lib_a-memcpy-stub.o)
 .debug_frame   0x00004a18       0x20 c:/program files (x86)/atollic/truestudio for stm32 9.3.0/armtools/bin/../lib/gcc/arm-atollic-eabi/6.3.1/../../../../arm-atollic-eabi/lib/armv7e-m/fpu\libc_nano.a(lib_a-memset.o)
 .debug_frame   0x00004a38       0x20 c:/program files (x86)/atollic/truestudio for stm32 9.3.0/armtools/bin/../lib/gcc/arm-atollic-eabi/6.3.1/../../../../arm-atollic-eabi/lib/armv7e-m/fpu\libc_nano.a(lib_a-strcmp.o)
 .debug_frame   0x00004a58       0x20 c:/program files (x86)/atollic/truestudio for stm32 9.3.0/armtools/bin/../lib/gcc/arm-atollic-eabi/6.3.1/../../../../arm-atollic-eabi/lib/armv7e-m/fpu\libc_nano.a(lib_a-strcpy.o)
 .debug_frame   0x00004a78       0x20 c:/program files (x86)/atollic/truestudio for stm32 9.3.0/armtools/bin/../lib/gcc/arm-atollic-eabi/6.3.1/../../../../arm-atollic-eabi/lib/armv7e-m/fpu\libnosys.a(write.o)

.stab           0x00000000       0x24
 .stab          0x00000000       0x24 c:/program files (x86)/atollic/truestudio for stm32 9.3.0/armtools/bin/../lib/gcc/arm-atollic-eabi/6.3.1/../../../../arm-atollic-eabi/lib/armv7e-m/fpu\libnosys.a(write.o)

.stabstr        0x00000000       0x3f
 .stabstr       0x00000000       0x3f c:/program files (x86)/atollic/truestudio for stm32 9.3.0/armtools/bin/../lib/gcc/arm-atollic-eabi/6.3.1/../../../../arm-atollic-eabi/lib/armv7e-m/fpu\libnosys.a(write.o)

Cross Reference Table

Symbol                                            File
ADC1_IRQHandler                                   src\startup_stm32l4r5xx.o
ADC_ConversionStop                                Drivers\STM32L4xx_HAL_Driver\Src\stm32l4xx_hal_adc.o
                                                  Drivers\STM32L4xx_HAL_Driver\Src\stm32l4xx_hal_adc_ex.o
ADC_DMAConvCplt                                   Drivers\STM32L4xx_HAL_Driver\Src\stm32l4xx_hal_adc.o
ADC_DMAError                                      Drivers\STM32L4xx_HAL_Driver\Src\stm32l4xx_hal_adc.o
ADC_DMAHalfConvCplt                               Drivers\STM32L4xx_HAL_Driver\Src\stm32l4xx_hal_adc.o
ADC_Disable                                       Drivers\STM32L4xx_HAL_Driver\Src\stm32l4xx_hal_adc.o
                                                  Drivers\STM32L4xx_HAL_Driver\Src\stm32l4xx_hal_adc_ex.o
ADC_Enable                                        Drivers\STM32L4xx_HAL_Driver\Src\stm32l4xx_hal_adc.o
                                                  Drivers\STM32L4xx_HAL_Driver\Src\stm32l4xx_hal_adc_ex.o
AHBPrescTable                                     src\system_stm32l4xx.o
                                                  Drivers\STM32L4xx_HAL_Driver\Src\stm32l4xx_ll_utils.o
                                                  Drivers\STM32L4xx_HAL_Driver\Src\stm32l4xx_hal_rcc.o
APBPrescTable                                     src\system_stm32l4xx.o
                                                  Drivers\STM32L4xx_HAL_Driver\Src\stm32l4xx_hal_rcc.o
ATOMIC_CLEAR_BIT                                  Drivers\STM32L4xx_HAL_Driver\Src\stm32l4xx_hal_uart_ex.o
                                                  Drivers\STM32L4xx_HAL_Driver\Src\stm32l4xx_hal_uart.o
ATOMIC_SET_BIT                                    Drivers\STM32L4xx_HAL_Driver\Src\stm32l4xx_hal_uart_ex.o
                                                  Drivers\STM32L4xx_HAL_Driver\Src\stm32l4xx_hal_uart.o
BTN_dev_main                                      src\dev\btn_dev.o
BTN_dev_reg_callback_back                         src\dev\btn_dev.o
BTN_dev_reg_callback_down                         src\dev\btn_dev.o
BTN_dev_reg_callback_select                       src\dev\btn_dev.o
BTN_dev_reg_callback_up                           src\dev\btn_dev.o
BusFault_Handler                                  src\startup_stm32l4r5xx.o
CAN1_RX0_IRQHandler                               src\startup_stm32l4r5xx.o
CAN1_RX1_IRQHandler                               src\startup_stm32l4r5xx.o
CAN1_SCE_IRQHandler                               src\startup_stm32l4r5xx.o
CAN1_TX_IRQHandler                                src\startup_stm32l4r5xx.o
COMP_IRQHandler                                   src\startup_stm32l4r5xx.o
CRS_IRQHandler                                    src\startup_stm32l4r5xx.o
DAC_DMAConvCpltCh1                                Drivers\STM32L4xx_HAL_Driver\Src\stm32l4xx_hal_dac.o
DAC_DMAConvCpltCh2                                Drivers\STM32L4xx_HAL_Driver\Src\stm32l4xx_hal_dac_ex.o
                                                  Drivers\STM32L4xx_HAL_Driver\Src\stm32l4xx_hal_dac.o
DAC_DMAErrorCh1                                   Drivers\STM32L4xx_HAL_Driver\Src\stm32l4xx_hal_dac.o
DAC_DMAErrorCh2                                   Drivers\STM32L4xx_HAL_Driver\Src\stm32l4xx_hal_dac_ex.o
                                                  Drivers\STM32L4xx_HAL_Driver\Src\stm32l4xx_hal_dac.o
DAC_DMAHalfConvCpltCh1                            Drivers\STM32L4xx_HAL_Driver\Src\stm32l4xx_hal_dac.o
DAC_DMAHalfConvCpltCh2                            Drivers\STM32L4xx_HAL_Driver\Src\stm32l4xx_hal_dac_ex.o
                                                  Drivers\STM32L4xx_HAL_Driver\Src\stm32l4xx_hal_dac.o
DCMI_IRQHandler                                   src\startup_stm32l4r5xx.o
DFSDM1_FLT0_IRQHandler                            src\startup_stm32l4r5xx.o
DFSDM1_FLT1_IRQHandler                            src\startup_stm32l4r5xx.o
DFSDM1_FLT2_IRQHandler                            src\startup_stm32l4r5xx.o