lcd_app.c:83:13:lcd_app_start_up	8	static
lcd_app.c:93:13:lcd_app_select_mode	16	static
lcd_app.c:106:13:lcd_app_btn_up	16	static
lcd_app.c:120:13:lcd_app_btn_down	16	static
lcd_app.c:134:13:lcd_app_btn_back	16	static
lcd_app.c:148:13:lcd_app_btn_select	16	static
lcd_app.c:162:13:lcd_app_init	16	static
lcd_app.c:180:13:lcd_app_move_cursor	16	static
lcd_app.c:198:5:LCD_app_main	40	static
lcd_app.c:244:6:LCD_APP_MSG_init	16	static
lcd_app.c:260:6:LCD_APP_MSG_start_up	16	static
lcd_app.c:276:6:LCD_APP_MSG_select_mode	16	static
lcd_app.c:292:6:LCD_APP_MSG_btn_up_long	16	static
lcd_app.c:308:6:LCD_APP_MSG_btn_up_short	16	static
lcd_app.c:324:6:LCD_APP_MSG_btn_down_long	16	static
lcd_app.c:340:6:LCD_APP_MSG_btn_down_short	16	static
lcd_app.c:356:6:LCD_APP_MSG_btn_back_long	16	static
lcd_app.c:372:6:LCD_APP_MSG_btn_back_short	16	static
lcd_app.c:388:6:LCD_APP_MSG_btn_select_long	16	static
lcd_app.c:404:6:LCD_APP_MSG_btn_select_short	16	static
