sound_app.c:335:12:sound_app_main	32	static
sound_app.c:316:13:sound_app_stp	8	static
sound_app.c:219:13:pcm3060_callback	0	static
sound_app.c:270:13:sound_app_sta_beep	24	static
sound_app.c:243:13:sound_app_sta	24	static
sound_app.c:190:13:wav_end_callback	16	static
sound_app.c:119:13:wav_rcv_callback	24	static
sound_app.c:363:6:sound_app_init	16	static
sound_app.c:390:9:sound_app_play_beep	16	static
sound_app.c:429:13:sound_app_cmd_beep_3000ms	0	static
sound_app.c:422:13:sound_app_cmd_beep_1000ms	0	static
sound_app.c:408:9:sound_app_play	8	static
sound_app.c:436:6:sound_app_set_cmd	16	static
