sound_app.c:135:13:wav_sta_callback	32	static
sound_app.c:184:17:sound_app_get_frame_cnt	24	static
sound_app.c:198:13:wav_rcv_callback	48	static
sound_app.c:283:13:wav_end_callback	16	static
sound_app.c:289:13:pcm3060_callback	32	static
sound_app.c:321:13:sound_app_sta	32	static
sound_app.c:344:13:sound_app_sta_beep	48	static
sound_app.c:374:13:sound_app_stp	24	static
sound_app.c:398:12:sound_app_main	40	static
sound_app.c:426:6:sound_app_init	24	static
sound_app.c:456:9:sound_app_play_beep	24	static
sound_app.c:474:9:sound_app_play	16	static
sound_app.c:487:13:sound_app_cmd_beep_1000ms	8	static
sound_app.c:494:13:sound_app_cmd_beep_3000ms	8	static
sound_app.c:501:13:sound_app_cmd_beep_0kHz	8	static
sound_app.c:508:13:sound_app_cmd_stop	16	static
sound_app.c:521:6:sound_app_set_cmd	16	static
