core_cm4.h:1698:22:NVIC_SetPriority	16	static
core_cm4.h:1830:26:SysTick_Config	16	static
kozos.c:105:12:getcurrent	4	static
kozos.c:127:12:putcurrent	4	static
kozos.c:149:13:thread_end	8	static
kozos.c:155:13:thread_init	16	static
kozos.c:163:23:thread_run	40	static
kozos.c:263:12:thread_exit	8	static
kozos.c:276:12:thread_wait	8	static
kozos.c:283:12:thread_sleep	4	static
kozos.c:289:12:thread_wakeup	16	static
kozos.c:302:23:thread_getid	8	static
kozos.c:309:12:thread_chpri	24	static
kozos.c:321:14:thread_kmalloc	16	static
kozos.c:328:12:thread_kmfree	16	static
kozos.c:336:13:sendmsg	32	static
kozos.c:361:13:recvmsg	24	static
kozos.c:389:12:thread_send	32	static
kozos.c:407:23:thread_recv	32	static
kozos.c:431:12:thread_setintr	16	static
kozos.c:447:12:thread_tsleep	16	static
kozos.c:466:13:call_functions	32	static
kozos.c:521:13:syscall_proc	16	static
kozos.c:534:13:srvcall_proc	16	static
kozos.c:550:13:schedule	16	static
kozos.c:568:13:syscall_intr	8	static
kozos.c:573:13:softerr_intr	8	static
kozos.c:582:6:thread_intr	16	static
kozos.c:615:6:kz_start	32	static
kozos.c:665:6:kz_sysdown	8	static
kozos.c:673:6:kz_syscall	16	static
kozos.c:686:6:kz_srvcall	16	static
kozos.c:691:8:kz_get_time_ms	4	static
kozos.c:696:8:kz_get_time_s	4	static
kozos.c:702:13:SysTick_init	8	static
kozos.c:709:6:SysTick_Handler	8	static
kozos.c:723:13:mng_tsleep	16	static
