kozos.c:127:12:putcurrent	8	static
kozos.c:709:6:SysTick_Handler	28	static
kozos.c:361:13:recvmsg	4	static
kozos.c:163:23:thread_run	48	static
kozos.c:149:13:thread_end	0	static
kozos.c:155:13:thread_init	8	static
kozos.c:615:6:kz_start	56	static
kozos.c:665:6:kz_sysdown	8	static
kozos.c:582:6:thread_intr	16	static
kozos.c:466:13:call_functions	40	static
kozos.c:568:13:syscall_intr	12	static
kozos.c:673:6:kz_syscall	0	static
kozos.c:686:6:kz_srvcall	0	static
kozos.c:691:8:kz_get_time_ms	0	static
kozos.c:696:8:kz_get_time_s	0	static
