core_cm4.h:1698:22:NVIC_SetPriority	16	static
core_cm4.h:1830:26:SysTick_Config	16	static
kozos.c:105:12:getcurrent	4	static
kozos.c:127:12:putcurrent	4	static
kozos.c:149:13:thread_end	8	static
kozos.c:155:13:thread_init	16	static
kozos.c:164:23:thread_run	40	static
kozos.c:259:12:thread_exit	8	static
kozos.c:272:12:thread_wait	8	static
kozos.c:279:12:thread_sleep	4	static
kozos.c:285:12:thread_wakeup	16	static
kozos.c:298:23:thread_getid	8	static
kozos.c:305:12:thread_chpri	24	static
kozos.c:315:14:thread_kmalloc	16	static
kozos.c:322:12:thread_kmfree	16	static
kozos.c:330:13:sendmsg	32	static
kozos.c:353:13:recvmsg	24	static
kozos.c:381:12:thread_send	32	static
kozos.c:399:23:thread_recv	32	static
kozos.c:423:12:thread_setintr	16	static
kozos.c:439:12:thread_tsleep	16	static
kozos.c:458:13:call_functions	32	static
kozos.c:512:13:syscall_proc	16	static
kozos.c:525:13:srvcall_proc	16	static
kozos.c:541:13:schedule	16	static
kozos.c:559:13:syscall_intr	8	static
kozos.c:564:13:softerr_intr	8	static
kozos.c:573:6:thread_intr	16	static
kozos.c:599:6:kz_start	32	static
kozos.c:645:6:kz_sysdown	8	static
kozos.c:653:6:kz_syscall	16	static
kozos.c:662:6:kz_srvcall	16	static
kozos.c:667:8:kz_get_time_ms	4	static
kozos.c:672:8:kz_get_time_s	4	static
kozos.c:678:13:SysTick_init	8	static
kozos.c:685:6:SysTick_Handler	8	static
kozos.c:700:13:mng_tsleep	16	static
