core_cm4.h:1698:22:NVIC_SetPriority	16	static
core_cm4.h:1830:26:SysTick_Config	16	static
kozos.c:101:12:getcurrent	4	static
kozos.c:123:12:putcurrent	4	static
kozos.c:145:13:thread_end	8	static
kozos.c:151:13:thread_init	16	static
kozos.c:159:23:thread_run	40	static
kozos.c:256:12:thread_exit	8	static
kozos.c:269:12:thread_wait	8	static
kozos.c:276:12:thread_sleep	4	static
kozos.c:282:12:thread_wakeup	16	static
kozos.c:295:23:thread_getid	8	static
kozos.c:302:12:thread_chpri	24	static
kozos.c:314:14:thread_kmalloc	16	static
kozos.c:321:12:thread_kmfree	16	static
kozos.c:329:13:sendmsg	32	static
kozos.c:354:13:recvmsg	24	static
kozos.c:382:12:thread_send	32	static
kozos.c:400:23:thread_recv	32	static
kozos.c:424:12:thread_setintr	16	static
kozos.c:440:12:thread_tsleep	16	static
kozos.c:459:13:call_functions	32	static
kozos.c:514:13:syscall_proc	16	static
kozos.c:527:13:srvcall_proc	16	static
kozos.c:543:13:schedule	16	static
kozos.c:561:13:syscall_intr	8	static
kozos.c:566:13:softerr_intr	8	static
kozos.c:575:6:thread_intr	16	static
kozos.c:601:6:kz_start	32	static
kozos.c:641:6:kz_sysdown	8	static
kozos.c:649:6:kz_syscall	16	static
kozos.c:658:6:kz_srvcall	16	static
kozos.c:663:8:kz_get_time_ms	4	static
kozos.c:668:8:kz_get_time_s	4	static
kozos.c:674:13:SysTick_init	8	static
kozos.c:681:6:SysTick_Handler	8	static
kozos.c:695:13:mng_tsleep	16	static
