core_cm4.h:1698:22:NVIC_SetPriority	16	static
core_cm4.h:1830:26:SysTick_Config	16	static
kozos.c:96:12:getcurrent	4	static
kozos.c:118:12:putcurrent	4	static
kozos.c:140:13:thread_end	8	static
kozos.c:146:13:thread_init	16	static
kozos.c:154:23:thread_run	40	static
kozos.c:249:12:thread_exit	8	static
kozos.c:262:12:thread_wait	8	static
kozos.c:269:12:thread_sleep	4	static
kozos.c:275:12:thread_wakeup	16	static
kozos.c:288:23:thread_getid	8	static
kozos.c:295:12:thread_chpri	24	static
kozos.c:305:14:thread_kmalloc	16	static
kozos.c:312:12:thread_kmfree	16	static
kozos.c:320:13:sendmsg	32	static
kozos.c:343:13:recvmsg	24	static
kozos.c:371:12:thread_send	32	static
kozos.c:389:23:thread_recv	32	static
kozos.c:413:12:thread_setintr	16	static
kozos.c:429:12:thread_tsleep	16	static
kozos.c:448:13:call_functions	32	static
kozos.c:502:13:syscall_proc	16	static
kozos.c:515:13:srvcall_proc	16	static
kozos.c:531:13:schedule	16	static
kozos.c:549:13:syscall_intr	8	static
kozos.c:554:13:softerr_intr	8	static
kozos.c:563:6:thread_intr	16	static
kozos.c:589:6:kz_start	32	static
kozos.c:629:6:kz_sysdown	8	static
kozos.c:637:6:kz_syscall	16	static
kozos.c:646:6:kz_srvcall	16	static
kozos.c:652:13:SysTick_init	8	static
kozos.c:658:6:SysTick_Handler	16	static
