syscall.c:6:13:consdrv_send_write_wrapper	32	static
syscall.c:27:16:kz_run	56	static
syscall.c:41:6:kz_exit	8	static
syscall.c:46:5:kz_wait	40	static
syscall.c:53:5:kz_sleep	40	static
syscall.c:60:5:kz_wakeup	48	static
syscall.c:68:16:kz_getid	40	static
syscall.c:75:5:kz_chpri	48	static
syscall.c:83:7:kz_kmalloc	48	static
syscall.c:93:5:kz_kmfree	48	static
syscall.c:103:5:kz_send	56	static
syscall.c:113:16:kz_recv	56	static
syscall.c:123:5:kz_setintr	48	static
syscall.c:132:5:kz_tsleep	48	static
syscall.c:142:5:kx_wakeup	48	static
syscall.c:150:7:kx_kmalloc	48	static
syscall.c:158:5:kx_kmfree	48	static
syscall.c:166:5:kx_send	56	static
