bt_dev.c:489:12:bt_dev_sts_main	56	static
bt_dev.c:306:13:bt_dev_msg_send	8	static
bt_dev.c:128:13:bt_dev_msg_unconnected	8	static
bt_dev.c:122:13:bt_dev_msg_connected	0	static
bt_dev.c:258:16:cmd_baudrate	24	static
bt_dev.c:231:16:cmd_version	0	static
bt_dev.c:219:16:cmd_check	0	static
bt_dev.c:208:16:send_data	0	static
bt_dev.c:165:13:bt_dev_msg_check_sts	16	static
bt_dev.c:676:9:bt_dev_check_sts	8	static
bt_dev.c:441:12:bt_dev_rcv_main	16	static
bt_dev.c:286:16:cmd_pin	16	static
bt_dev.c:382:13:bt_dev_cmd_change_baudrate	16	static
bt_dev.c:631:9:bt_dev_send.part.3	16	static
bt_dev.c:374:13:bt_dev_cmd_baudrate_9600	16	static
bt_dev.c:366:13:bt_dev_cmd_baudrate_115200	16	static
bt_dev.c:348:13:bt_dev_cmd_version	16	static
bt_dev.c:339:13:bt_dev_cmd_connect_check	16	static
bt_dev.c:243:16:cmd_name	16	static
bt_dev.c:572:9:bt_dev_init	24	static
bt_dev.c:614:9:bt_dev_reg_callback	0	static
bt_dev.c:631:9:bt_dev_send	4	static
bt_dev.c:357:13:bt_dev_cmd_name	0	static
bt_dev.c:690:9:bt_dev_set_baudrate	16	static
bt_dev.c:706:6:bt_dev_set_cmd	16	static
