bt_dev.c:122:13:bt_dev_msg_connected	16	static
bt_dev.c:128:13:bt_dev_msg_unconnected	24	static
bt_dev.c:139:13:bt_dev_connected	16	static
bt_dev.c:152:13:bt_dev_unconnected	16	static
bt_dev.c:165:13:bt_dev_msg_check_sts	24	static
bt_dev.c:208:16:send_data	24	static
bt_dev.c:219:16:cmd_check	24	static
bt_dev.c:231:16:cmd_version	24	static
bt_dev.c:243:16:cmd_name	24	static
bt_dev.c:258:16:cmd_baudrate	32	static
bt_dev.c:286:16:cmd_pin	24	static
bt_dev.c:306:13:bt_dev_msg_send	32	static
bt_dev.c:323:16:bt_dev_analysis_cmd_res	16	static
bt_dev.c:339:13:bt_dev_cmd_connect_check	16	static
bt_dev.c:348:13:bt_dev_cmd_version	16	static
bt_dev.c:357:13:bt_dev_cmd_name	16	static
bt_dev.c:366:13:bt_dev_cmd_baudrate_115200	16	static
bt_dev.c:374:13:bt_dev_cmd_baudrate_9600	16	static
bt_dev.c:382:13:bt_dev_cmd_change_baudrate	24	static
bt_dev.c:425:13:bt_dev_input_capture_callback	24	static
bt_dev.c:441:12:bt_dev_rcv_main	32	static
bt_dev.c:482:12:bt_dev_sts_main	48	static
bt_dev.c:558:9:bt_dev_init	24	static
bt_dev.c:600:9:bt_dev_reg_callback	24	static
bt_dev.c:617:9:bt_dev_send	32	static
bt_dev.c:662:9:bt_dev_check_sts	16	static
bt_dev.c:676:9:bt_dev_set_baudrate	24	static
bt_dev.c:692:6:bt_dev_set_cmd	16	static
