pcm3060.c:148:13:i2c_wrapper_snd_callback	0	static
pcm3060.c:163:13:i2c_wrapper_rcv_callback	0	static
pcm3060.c:129:13:sai_callback	0	static
pcm3060.c:205:16:pcm3060_read_data.constprop	24	static
pcm3060.c:178:16:pcm3060_send_data.constprop	32	static
pcm3060.c:411:9:pcm3060_mute.part.1	24	static
pcm3060.c:456:13:pcm3060_cmd_mute_disable	0	static
pcm3060.c:451:13:pcm3060_cmd_mute_enable	0	static
pcm3060.c:257:6:pcm3060_init	0	static
pcm3060.c:271:9:pcm3060_open	72	static
pcm3060.c:355:9:pcm3060_play	8	static
pcm3060.c:385:9:pcm3060_stop	8	static
pcm3060.c:411:9:pcm3060_mute	0	static
pcm3060.c:462:6:pcm3060_set_cmd	16	static
