octspi.c:294:6:opctspi_common_handler	16	static
octspi.c:300:13:opctspi1_handler	8	static
octspi.c:305:13:opctspi2_handler	8	static
octspi.c:310:16:get_expornent	32	static
octspi.c:329:13:set_clk	32	static
octspi.c:347:13:pin_config	32	static
octspi.c:369:16:wait_status_set	32	static
octspi.c:387:16:wait_status_clear	32	static
octspi.c:405:6:octospi_init	16	static
octspi.c:423:9:octospi_open	32	static
octspi.c:550:9:octospi_memory_mapped	40	static
octspi.c:666:9:octospi_close	24	static
octspi.c:700:16:octospi_proc	40	static
octspi.c:846:9:octospi_send	40	static
octspi.c:876:9:octospi_recv	40	static
