octspi.c:302:6:opctspi_common_handler	24	static
octspi.c:309:13:opctspi1_handler	8	static
octspi.c:314:13:opctspi2_handler	8	static
octspi.c:319:16:get_expornent	32	static
octspi.c:338:13:set_clk	32	static
octspi.c:356:13:pin_config	32	static
octspi.c:377:16:wait_status	32	static
octspi.c:395:6:octospi_init	16	static
octspi.c:413:9:octospi_open	32	static
octspi.c:540:9:octospi_memory_mapped	32	static
octspi.c:584:9:octospi_close	24	static
octspi.c:618:16:octospi_proc	40	static
octspi.c:755:9:octospi_send	40	static
octspi.c:785:9:octospi_recv	40	static
