usart.c:132:6:usart_common_handler	24	static
usart.c:140:6:usart1_handler	8	static
usart.c:144:6:usart2_handler	8	static
usart.c:148:6:usart3_handler	8	static
usart.c:152:17:calc_brr	16	static
usart.c:158:10:usart_open	56	static
usart.c:222:10:usart_init	24	static
usart.c:288:10:usart_is_send_enable	32	static
usart.c:311:10:usart_send_byte	24	static
usart.c:326:10:usart_is_rcv_enable	24	static
usart.c:347:9:usart_recv_byte	24	static
usart.c:365:10:usart_intr_is_send_enable	24	static
usart.c:386:6:usart_intr_send_enable	24	static
usart.c:400:6:usart_intr_send_disable	24	static
usart.c:414:5:usart_intr_is_recv_enable	24	static
usart.c:435:6:usart_intr_recv_enable	24	static
usart.c:450:6:usart_intr_recv_disable	24	static
