usart.c:124:6:usart_common_handler	24	static
usart.c:132:6:usart1_handler	8	static
usart.c:136:6:usart2_handler	8	static
usart.c:140:6:usart3_handler	8	static
usart.c:144:17:calc_brr	16	static
usart.c:150:10:usart_open	56	static
usart.c:204:10:usart_init	24	static
usart.c:270:10:usart_is_send_enable	32	static
usart.c:293:10:usart_send_byte	24	static
usart.c:308:10:usart_is_rcv_enable	24	static
usart.c:329:9:usart_recv_byte	24	static
usart.c:347:10:usart_intr_is_send_enable	24	static
usart.c:365:6:usart_intr_send_enable	24	static
usart.c:376:6:usart_intr_send_disable	24	static
usart.c:387:5:usart_intr_is_recv_enable	24	static
usart.c:405:6:usart_intr_recv_enable	24	static
usart.c:416:6:usart_intr_recv_disable	24	static
